<?xml version="1.0" encoding="ISO-8859-1" ?>
<link_info>
   <banner>TI ARM Clang Linker PC v2.1.3.LTS</banner>
   <copyright>Copyright (c) 1996-2018 Texas Instruments Incorporated</copyright>
   <link_time>0x64d5294f</link_time>
   <link_errors>0x0</link_errors>
   <output_file>gpiointerrupt_CC3220S_LAUNCHXL_nortos_ticlang.out</output_file>
   <entry_point>
      <name>resetISR</name>
      <address>0x20011339</address>
   </entry_point>
   <input_file_list>
      <input_file id="fl-1">
         <path>.\</path>
         <kind>object</kind>
         <file>gpiointerrupt.o</file>
         <name>gpiointerrupt.o</name>
      </input_file>
      <input_file id="fl-2">
         <path>.\syscfg\</path>
         <kind>object</kind>
         <file>ti_drivers_config.o</file>
         <name>ti_drivers_config.o</name>
      </input_file>
      <input_file id="fl-3">
         <path>.\</path>
         <kind>object</kind>
         <file>main_nortos.o</file>
         <name>main_nortos.o</name>
      </input_file>
      <input_file id="fl-13">
         <kind>object</kind>
         <file>&lt;internal&gt;</file>
         <name>&lt;internal&gt;</name>
      </input_file>
      <input_file id="fl-14">
         <path>C:\ti\simplelink_cc32xx_sdk_7_10_00_13\source\ti\drivers\lib\ticlang\m4\</path>
         <kind>archive</kind>
         <file>drivers_cc32xx.a</file>
         <name>GPIO.c.obj</name>
      </input_file>
      <input_file id="fl-15">
         <path>C:\ti\simplelink_cc32xx_sdk_7_10_00_13\source\ti\drivers\lib\ticlang\m4\</path>
         <kind>archive</kind>
         <file>drivers_cc32xx.a</file>
         <name>GPIOCC32XX.c.obj</name>
      </input_file>
      <input_file id="fl-16">
         <path>C:\ti\simplelink_cc32xx_sdk_7_10_00_13\source\ti\drivers\lib\ticlang\m4\</path>
         <kind>archive</kind>
         <file>drivers_cc32xx.a</file>
         <name>I2C.c.obj</name>
      </input_file>
      <input_file id="fl-17">
         <path>C:\ti\simplelink_cc32xx_sdk_7_10_00_13\source\ti\drivers\lib\ticlang\m4\</path>
         <kind>archive</kind>
         <file>drivers_cc32xx.a</file>
         <name>I2CCC32XX.c.obj</name>
      </input_file>
      <input_file id="fl-18">
         <path>C:\ti\simplelink_cc32xx_sdk_7_10_00_13\source\ti\drivers\lib\ticlang\m4\</path>
         <kind>archive</kind>
         <file>drivers_cc32xx.a</file>
         <name>PowerCC32XX.c.obj</name>
      </input_file>
      <input_file id="fl-19">
         <path>C:\ti\simplelink_cc32xx_sdk_7_10_00_13\source\ti\drivers\lib\ticlang\m4\</path>
         <kind>archive</kind>
         <file>drivers_cc32xx.a</file>
         <name>PowerCC32XX_ticlang.asm.obj</name>
      </input_file>
      <input_file id="fl-1a">
         <path>C:\ti\simplelink_cc32xx_sdk_7_10_00_13\source\ti\drivers\lib\ticlang\m4\</path>
         <kind>archive</kind>
         <file>drivers_cc32xx.a</file>
         <name>Timer.c.obj</name>
      </input_file>
      <input_file id="fl-1b">
         <path>C:\ti\simplelink_cc32xx_sdk_7_10_00_13\source\ti\drivers\lib\ticlang\m4\</path>
         <kind>archive</kind>
         <file>drivers_cc32xx.a</file>
         <name>TimerCC32XX.c.obj</name>
      </input_file>
      <input_file id="fl-1c">
         <path>C:\ti\simplelink_cc32xx_sdk_7_10_00_13\source\ti\drivers\lib\ticlang\m4\</path>
         <kind>archive</kind>
         <file>drivers_cc32xx.a</file>
         <name>UART2.c.obj</name>
      </input_file>
      <input_file id="fl-1d">
         <path>C:\ti\simplelink_cc32xx_sdk_7_10_00_13\source\ti\drivers\lib\ticlang\m4\</path>
         <kind>archive</kind>
         <file>drivers_cc32xx.a</file>
         <name>UART2CC32XX.c.obj</name>
      </input_file>
      <input_file id="fl-1e">
         <path>C:\ti\simplelink_cc32xx_sdk_7_10_00_13\source\ti\drivers\lib\ticlang\m4\</path>
         <kind>archive</kind>
         <file>drivers_cc32xx.a</file>
         <name>List.c.obj</name>
      </input_file>
      <input_file id="fl-1f">
         <path>C:\ti\simplelink_cc32xx_sdk_7_10_00_13\source\ti\drivers\lib\ticlang\m4\</path>
         <kind>archive</kind>
         <file>drivers_cc32xx.a</file>
         <name>RingBuf.c.obj</name>
      </input_file>
      <input_file id="fl-20">
         <path>C:\ti\simplelink_cc32xx_sdk_7_10_00_13\source\ti\drivers\lib\ticlang\m4\</path>
         <kind>archive</kind>
         <file>drivers_cc32xx.a</file>
         <name>UDMACC32XX.c.obj</name>
      </input_file>
      <input_file id="fl-21">
         <path>C:\ti\simplelink_cc32xx_sdk_7_10_00_13\kernel\nortos\lib\ticlang\m4\</path>
         <kind>archive</kind>
         <file>nortos_cc32xx.a</file>
         <name>NoRTOS.c.obj</name>
      </input_file>
      <input_file id="fl-22">
         <path>C:\ti\simplelink_cc32xx_sdk_7_10_00_13\kernel\nortos\lib\ticlang\m4\</path>
         <kind>archive</kind>
         <file>nortos_cc32xx.a</file>
         <name>SemaphoreP_nortos.c.obj</name>
      </input_file>
      <input_file id="fl-23">
         <path>C:\ti\simplelink_cc32xx_sdk_7_10_00_13\kernel\nortos\lib\ticlang\m4\</path>
         <kind>archive</kind>
         <file>nortos_cc32xx.a</file>
         <name>ClockPSysTick_nortos.c.obj</name>
      </input_file>
      <input_file id="fl-24">
         <path>C:\ti\simplelink_cc32xx_sdk_7_10_00_13\kernel\nortos\lib\ticlang\m4\</path>
         <kind>archive</kind>
         <file>nortos_cc32xx.a</file>
         <name>HwiPCC32XX_nortos.c.obj</name>
      </input_file>
      <input_file id="fl-25">
         <path>C:\ti\simplelink_cc32xx_sdk_7_10_00_13\kernel\nortos\lib\ticlang\m4\</path>
         <kind>archive</kind>
         <file>nortos_cc32xx.a</file>
         <name>PowerCC32XX_nortos.c.obj</name>
      </input_file>
      <input_file id="fl-26">
         <path>C:\ti\simplelink_cc32xx_sdk_7_10_00_13\kernel\nortos\lib\ticlang\m4\</path>
         <kind>archive</kind>
         <file>nortos_cc32xx.a</file>
         <name>startup_cc32xx_ticlang.c.obj</name>
      </input_file>
      <input_file id="fl-27">
         <path>C:\ti\simplelink_cc32xx_sdk_7_10_00_13\kernel\nortos\lib\ticlang\m4\</path>
         <kind>archive</kind>
         <file>nortos_cc32xx.a</file>
         <name>SwiP_nortos.c.obj</name>
      </input_file>
      <input_file id="fl-28">
         <path>C:\ti\simplelink_cc32xx_sdk_7_10_00_13\source\ti\devices\cc32xx\driverlib\ticlang\Release\</path>
         <kind>archive</kind>
         <file>driverlib.a</file>
         <name>cpu.obj</name>
      </input_file>
      <input_file id="fl-29">
         <path>C:\ti\simplelink_cc32xx_sdk_7_10_00_13\source\ti\devices\cc32xx\driverlib\ticlang\Release\</path>
         <kind>archive</kind>
         <file>driverlib.a</file>
         <name>gpio.obj</name>
      </input_file>
      <input_file id="fl-2a">
         <path>C:\ti\simplelink_cc32xx_sdk_7_10_00_13\source\ti\devices\cc32xx\driverlib\ticlang\Release\</path>
         <kind>archive</kind>
         <file>driverlib.a</file>
         <name>hwspinlock.obj</name>
      </input_file>
      <input_file id="fl-2b">
         <path>C:\ti\simplelink_cc32xx_sdk_7_10_00_13\source\ti\devices\cc32xx\driverlib\ticlang\Release\</path>
         <kind>archive</kind>
         <file>driverlib.a</file>
         <name>i2c.obj</name>
      </input_file>
      <input_file id="fl-2c">
         <path>C:\ti\simplelink_cc32xx_sdk_7_10_00_13\source\ti\devices\cc32xx\driverlib\ticlang\Release\</path>
         <kind>archive</kind>
         <file>driverlib.a</file>
         <name>interrupt.obj</name>
      </input_file>
      <input_file id="fl-2d">
         <path>C:\ti\simplelink_cc32xx_sdk_7_10_00_13\source\ti\devices\cc32xx\driverlib\ticlang\Release\</path>
         <kind>archive</kind>
         <file>driverlib.a</file>
         <name>pin.obj</name>
      </input_file>
      <input_file id="fl-2e">
         <path>C:\ti\simplelink_cc32xx_sdk_7_10_00_13\source\ti\devices\cc32xx\driverlib\ticlang\Release\</path>
         <kind>archive</kind>
         <file>driverlib.a</file>
         <name>prcm.obj</name>
      </input_file>
      <input_file id="fl-2f">
         <path>C:\ti\simplelink_cc32xx_sdk_7_10_00_13\source\ti\devices\cc32xx\driverlib\ticlang\Release\</path>
         <kind>archive</kind>
         <file>driverlib.a</file>
         <name>spi.obj</name>
      </input_file>
      <input_file id="fl-30">
         <path>C:\ti\simplelink_cc32xx_sdk_7_10_00_13\source\ti\devices\cc32xx\driverlib\ticlang\Release\</path>
         <kind>archive</kind>
         <file>driverlib.a</file>
         <name>systick.obj</name>
      </input_file>
      <input_file id="fl-31">
         <path>C:\ti\simplelink_cc32xx_sdk_7_10_00_13\source\ti\devices\cc32xx\driverlib\ticlang\Release\</path>
         <kind>archive</kind>
         <file>driverlib.a</file>
         <name>timer.obj</name>
      </input_file>
      <input_file id="fl-32">
         <path>C:\ti\simplelink_cc32xx_sdk_7_10_00_13\source\ti\devices\cc32xx\driverlib\ticlang\Release\</path>
         <kind>archive</kind>
         <file>driverlib.a</file>
         <name>uart.obj</name>
      </input_file>
      <input_file id="fl-33">
         <path>C:\ti\simplelink_cc32xx_sdk_7_10_00_13\source\ti\devices\cc32xx\driverlib\ticlang\Release\</path>
         <kind>archive</kind>
         <file>driverlib.a</file>
         <name>udma.obj</name>
      </input_file>
      <input_file id="fl-34">
         <path>C:\ti\simplelink_cc32xx_sdk_7_10_00_13\source\ti\devices\cc32xx\driverlib\ticlang\Release\</path>
         <kind>archive</kind>
         <file>driverlib.a</file>
         <name>utils.obj</name>
      </input_file>
      <input_file id="fl-35">
         <path>C:\ti\simplelink_cc32xx_sdk_7_10_00_13\source\ti\devices\cc32xx\driverlib\ticlang\Release\</path>
         <kind>archive</kind>
         <file>driverlib.a</file>
         <name>flash.obj</name>
      </input_file>
      <input_file id="fl-41">
         <path>C:\ti\ccs1240\ccs\tools\compiler\ti-cgt-armllvm_2.1.3.LTS\lib\armv7em-ti-none-eabi\c\</path>
         <kind>archive</kind>
         <file>libc.a</file>
         <name>snprintf.c.obj</name>
      </input_file>
      <input_file id="fl-42">
         <path>C:\ti\ccs1240\ccs\tools\compiler\ti-cgt-armllvm_2.1.3.LTS\lib\armv7em-ti-none-eabi\c\</path>
         <kind>archive</kind>
         <file>libc.a</file>
         <name>memory.c.obj</name>
      </input_file>
      <input_file id="fl-43">
         <path>C:\ti\ccs1240\ccs\tools\compiler\ti-cgt-armllvm_2.1.3.LTS\lib\armv7em-ti-none-eabi\c\</path>
         <kind>archive</kind>
         <file>libc.a</file>
         <name>copy_zero_init.c.obj</name>
      </input_file>
      <input_file id="fl-44">
         <path>C:\ti\ccs1240\ccs\tools\compiler\ti-cgt-armllvm_2.1.3.LTS\lib\armv7em-ti-none-eabi\c\</path>
         <kind>archive</kind>
         <file>libc.a</file>
         <name>copy_decompress_none.c.obj</name>
      </input_file>
      <input_file id="fl-45">
         <path>C:\ti\ccs1240\ccs\tools\compiler\ti-cgt-armllvm_2.1.3.LTS\lib\armv7em-ti-none-eabi\c\</path>
         <kind>archive</kind>
         <file>libc.a</file>
         <name>copy_decompress_lzss.c.obj</name>
      </input_file>
      <input_file id="fl-46">
         <path>C:\ti\ccs1240\ccs\tools\compiler\ti-cgt-armllvm_2.1.3.LTS\lib\armv7em-ti-none-eabi\c\</path>
         <kind>archive</kind>
         <file>libc.a</file>
         <name>boot_cortex_m.c.obj</name>
      </input_file>
      <input_file id="fl-47">
         <path>C:\ti\ccs1240\ccs\tools\compiler\ti-cgt-armllvm_2.1.3.LTS\lib\armv7em-ti-none-eabi\c\</path>
         <kind>archive</kind>
         <file>libc.a</file>
         <name>mathacl_init.c.obj</name>
      </input_file>
      <input_file id="fl-48">
         <path>C:\ti\ccs1240\ccs\tools\compiler\ti-cgt-armllvm_2.1.3.LTS\lib\armv7em-ti-none-eabi\c\</path>
         <kind>archive</kind>
         <file>libc.a</file>
         <name>_printfi.c.obj</name>
      </input_file>
      <input_file id="fl-49">
         <path>C:\ti\ccs1240\ccs\tools\compiler\ti-cgt-armllvm_2.1.3.LTS\lib\armv7em-ti-none-eabi\c\</path>
         <kind>archive</kind>
         <file>libc.a</file>
         <name>s_frexp.c.obj</name>
      </input_file>
      <input_file id="fl-4a">
         <path>C:\ti\ccs1240\ccs\tools\compiler\ti-cgt-armllvm_2.1.3.LTS\lib\armv7em-ti-none-eabi\c\</path>
         <kind>archive</kind>
         <file>libc.a</file>
         <name>s_scalbn.c.obj</name>
      </input_file>
      <input_file id="fl-4b">
         <path>C:\ti\ccs1240\ccs\tools\compiler\ti-cgt-armllvm_2.1.3.LTS\lib\armv7em-ti-none-eabi\c\</path>
         <kind>archive</kind>
         <file>libc.a</file>
         <name>aeabi_portable.c.obj</name>
      </input_file>
      <input_file id="fl-4c">
         <path>C:\ti\ccs1240\ccs\tools\compiler\ti-cgt-armllvm_2.1.3.LTS\lib\armv7em-ti-none-eabi\c\</path>
         <kind>archive</kind>
         <file>libc.a</file>
         <name>exit.c.obj</name>
      </input_file>
      <input_file id="fl-4d">
         <path>C:\ti\ccs1240\ccs\tools\compiler\ti-cgt-armllvm_2.1.3.LTS\lib\armv7em-ti-none-eabi\c\</path>
         <kind>archive</kind>
         <file>libc.a</file>
         <name>_lock.c.obj</name>
      </input_file>
      <input_file id="fl-4e">
         <path>C:\ti\ccs1240\ccs\tools\compiler\ti-cgt-armllvm_2.1.3.LTS\lib\armv7em-ti-none-eabi\c\</path>
         <kind>archive</kind>
         <file>libc.a</file>
         <name>_ltoa.c.obj</name>
      </input_file>
      <input_file id="fl-4f">
         <path>C:\ti\ccs1240\ccs\tools\compiler\ti-cgt-armllvm_2.1.3.LTS\lib\armv7em-ti-none-eabi\c\</path>
         <kind>archive</kind>
         <file>libc.a</file>
         <name>args_main.c.obj</name>
      </input_file>
      <input_file id="fl-50">
         <path>C:\ti\ccs1240\ccs\tools\compiler\ti-cgt-armllvm_2.1.3.LTS\lib\armv7em-ti-none-eabi\c\</path>
         <kind>archive</kind>
         <file>libc.a</file>
         <name>assert.c.obj</name>
      </input_file>
      <input_file id="fl-51">
         <path>C:\ti\ccs1240\ccs\tools\compiler\ti-cgt-armllvm_2.1.3.LTS\lib\armv7em-ti-none-eabi\c\</path>
         <kind>archive</kind>
         <file>libc.a</file>
         <name>atoi.c.obj</name>
      </input_file>
      <input_file id="fl-52">
         <path>C:\ti\ccs1240\ccs\tools\compiler\ti-cgt-armllvm_2.1.3.LTS\lib\armv7em-ti-none-eabi\c\</path>
         <kind>archive</kind>
         <file>libc.a</file>
         <name>defs.c.obj</name>
      </input_file>
      <input_file id="fl-53">
         <path>C:\ti\ccs1240\ccs\tools\compiler\ti-cgt-armllvm_2.1.3.LTS\lib\armv7em-ti-none-eabi\c\</path>
         <kind>archive</kind>
         <file>libc.a</file>
         <name>memccpy.c.obj</name>
      </input_file>
      <input_file id="fl-54">
         <path>C:\ti\ccs1240\ccs\tools\compiler\ti-cgt-armllvm_2.1.3.LTS\lib\armv7em-ti-none-eabi\c\</path>
         <kind>archive</kind>
         <file>libc.a</file>
         <name>autoinit.c.obj</name>
      </input_file>
      <input_file id="fl-55">
         <path>C:\ti\ccs1240\ccs\tools\compiler\ti-cgt-armllvm_2.1.3.LTS\lib\armv7em-ti-none-eabi\c\</path>
         <kind>archive</kind>
         <file>libc.a</file>
         <name>pre_init.c.obj</name>
      </input_file>
      <input_file id="fl-56">
         <path>C:\ti\ccs1240\ccs\tools\compiler\ti-cgt-armllvm_2.1.3.LTS\lib\armv7em-ti-none-eabi\c\</path>
         <kind>archive</kind>
         <file>libc.a</file>
         <name>cpy_tbl.c.obj</name>
      </input_file>
      <input_file id="fl-57">
         <path>C:\ti\ccs1240\ccs\tools\compiler\ti-cgt-armllvm_2.1.3.LTS\lib\armv7em-ti-none-eabi\c\</path>
         <kind>archive</kind>
         <file>libc.a</file>
         <name>wcslen.c.obj</name>
      </input_file>
      <input_file id="fl-58">
         <path>C:\ti\ccs1240\ccs\tools\compiler\ti-cgt-armllvm_2.1.3.LTS\lib\armv7em-ti-none-eabi\c\</path>
         <kind>archive</kind>
         <file>libc.a</file>
         <name>sprintf.c.obj</name>
      </input_file>
      <input_file id="fl-59">
         <path>C:\ti\ccs1240\ccs\tools\compiler\ti-cgt-armllvm_2.1.3.LTS\lib\armv7em-ti-none-eabi\c\</path>
         <kind>archive</kind>
         <file>libc.a</file>
         <name>fflush.c.obj</name>
      </input_file>
      <input_file id="fl-5a">
         <path>C:\ti\ccs1240\ccs\tools\compiler\ti-cgt-armllvm_2.1.3.LTS\lib\armv7em-ti-none-eabi\c\</path>
         <kind>archive</kind>
         <file>libc.a</file>
         <name>fputs.c.obj</name>
      </input_file>
      <input_file id="fl-5b">
         <path>C:\ti\ccs1240\ccs\tools\compiler\ti-cgt-armllvm_2.1.3.LTS\lib\armv7em-ti-none-eabi\c\</path>
         <kind>archive</kind>
         <file>libc.a</file>
         <name>_io_perm.c.obj</name>
      </input_file>
      <input_file id="fl-5c">
         <path>C:\ti\ccs1240\ccs\tools\compiler\ti-cgt-armllvm_2.1.3.LTS\lib\armv7em-ti-none-eabi\c\</path>
         <kind>archive</kind>
         <file>libc.a</file>
         <name>setvbuf.c.obj</name>
      </input_file>
      <input_file id="fl-5d">
         <path>C:\ti\ccs1240\ccs\tools\compiler\ti-cgt-armllvm_2.1.3.LTS\lib\armv7em-ti-none-eabi\c\</path>
         <kind>archive</kind>
         <file>libc.a</file>
         <name>aeabi_ctype.S.obj</name>
      </input_file>
      <input_file id="fl-5e">
         <path>C:\ti\ccs1240\ccs\tools\compiler\ti-cgt-armllvm_2.1.3.LTS\lib\armv7em-ti-none-eabi\c\</path>
         <kind>archive</kind>
         <file>libc.a</file>
         <name>fopen.c.obj</name>
      </input_file>
      <input_file id="fl-5f">
         <path>C:\ti\ccs1240\ccs\tools\compiler\ti-cgt-armllvm_2.1.3.LTS\lib\armv7em-ti-none-eabi\c\</path>
         <kind>archive</kind>
         <file>libc.a</file>
         <name>fseek.c.obj</name>
      </input_file>
      <input_file id="fl-60">
         <path>C:\ti\ccs1240\ccs\tools\compiler\ti-cgt-armllvm_2.1.3.LTS\lib\armv7em-ti-none-eabi\c\</path>
         <kind>archive</kind>
         <file>libc.a</file>
         <name>fclose.c.obj</name>
      </input_file>
      <input_file id="fl-99">
         <path>C:\ti\ccs1240\ccs\tools\compiler\ti-cgt-armllvm_2.1.3.LTS\lib\armv7em-ti-none-eabi\c\</path>
         <kind>archive</kind>
         <file>libsysbm.a</file>
         <name>write.c.obj</name>
      </input_file>
      <input_file id="fl-9a">
         <path>C:\ti\ccs1240\ccs\tools\compiler\ti-cgt-armllvm_2.1.3.LTS\lib\armv7em-ti-none-eabi\c\</path>
         <kind>archive</kind>
         <file>libsysbm.a</file>
         <name>host_device.c.obj</name>
      </input_file>
      <input_file id="fl-9b">
         <path>C:\ti\ccs1240\ccs\tools\compiler\ti-cgt-armllvm_2.1.3.LTS\lib\armv7em-ti-none-eabi\c\</path>
         <kind>archive</kind>
         <file>libsysbm.a</file>
         <name>remove.c.obj</name>
      </input_file>
      <input_file id="fl-9c">
         <path>C:\ti\ccs1240\ccs\tools\compiler\ti-cgt-armllvm_2.1.3.LTS\lib\armv7em-ti-none-eabi\c\</path>
         <kind>archive</kind>
         <file>libsysbm.a</file>
         <name>open.c.obj</name>
      </input_file>
      <input_file id="fl-9d">
         <path>C:\ti\ccs1240\ccs\tools\compiler\ti-cgt-armllvm_2.1.3.LTS\lib\armv7em-ti-none-eabi\c\</path>
         <kind>archive</kind>
         <file>libsysbm.a</file>
         <name>lseek.c.obj</name>
      </input_file>
      <input_file id="fl-9e">
         <path>C:\ti\ccs1240\ccs\tools\compiler\ti-cgt-armllvm_2.1.3.LTS\lib\armv7em-ti-none-eabi\c\</path>
         <kind>archive</kind>
         <file>libsysbm.a</file>
         <name>close.c.obj</name>
      </input_file>
      <input_file id="fl-9f">
         <path>C:\ti\ccs1240\ccs\tools\compiler\ti-cgt-armllvm_2.1.3.LTS\lib\armv7em-ti-none-eabi\c\</path>
         <kind>archive</kind>
         <file>libsysbm.a</file>
         <name>unlink.c.obj</name>
      </input_file>
      <input_file id="fl-a0">
         <path>C:\ti\ccs1240\ccs\tools\compiler\ti-cgt-armllvm_2.1.3.LTS\lib\armv7em-ti-none-eabi\c\</path>
         <kind>archive</kind>
         <file>libsysbm.a</file>
         <name>hostclose.c.obj</name>
      </input_file>
      <input_file id="fl-a1">
         <path>C:\ti\ccs1240\ccs\tools\compiler\ti-cgt-armllvm_2.1.3.LTS\lib\armv7em-ti-none-eabi\c\</path>
         <kind>archive</kind>
         <file>libsysbm.a</file>
         <name>hostlseek.c.obj</name>
      </input_file>
      <input_file id="fl-a2">
         <path>C:\ti\ccs1240\ccs\tools\compiler\ti-cgt-armllvm_2.1.3.LTS\lib\armv7em-ti-none-eabi\c\</path>
         <kind>archive</kind>
         <file>libsysbm.a</file>
         <name>hostopen.c.obj</name>
      </input_file>
      <input_file id="fl-a3">
         <path>C:\ti\ccs1240\ccs\tools\compiler\ti-cgt-armllvm_2.1.3.LTS\lib\armv7em-ti-none-eabi\c\</path>
         <kind>archive</kind>
         <file>libsysbm.a</file>
         <name>hostread.c.obj</name>
      </input_file>
      <input_file id="fl-a4">
         <path>C:\ti\ccs1240\ccs\tools\compiler\ti-cgt-armllvm_2.1.3.LTS\lib\armv7em-ti-none-eabi\c\</path>
         <kind>archive</kind>
         <file>libsysbm.a</file>
         <name>hostrename.c.obj</name>
      </input_file>
      <input_file id="fl-a5">
         <path>C:\ti\ccs1240\ccs\tools\compiler\ti-cgt-armllvm_2.1.3.LTS\lib\armv7em-ti-none-eabi\c\</path>
         <kind>archive</kind>
         <file>libsysbm.a</file>
         <name>hostunlink.c.obj</name>
      </input_file>
      <input_file id="fl-a6">
         <path>C:\ti\ccs1240\ccs\tools\compiler\ti-cgt-armllvm_2.1.3.LTS\lib\armv7em-ti-none-eabi\c\</path>
         <kind>archive</kind>
         <file>libsysbm.a</file>
         <name>hostwrite.c.obj</name>
      </input_file>
      <input_file id="fl-a7">
         <path>C:\ti\ccs1240\ccs\tools\compiler\ti-cgt-armllvm_2.1.3.LTS\lib\armv7em-ti-none-eabi\c\</path>
         <kind>archive</kind>
         <file>libsysbm.a</file>
         <name>trgmsg.c.obj</name>
      </input_file>
      <input_file id="fl-a8">
         <path>C:\ti\ccs1240\ccs\tools\compiler\ti-cgt-armllvm_2.1.3.LTS\lib\clang\14.0.6\lib\armv7em-ti-none-eabi\</path>
         <kind>archive</kind>
         <file>libclang_rt.builtins.a</file>
         <name>adddf3.S.obj</name>
      </input_file>
      <input_file id="fl-a9">
         <path>C:\ti\ccs1240\ccs\tools\compiler\ti-cgt-armllvm_2.1.3.LTS\lib\clang\14.0.6\lib\armv7em-ti-none-eabi\</path>
         <kind>archive</kind>
         <file>libclang_rt.builtins.a</file>
         <name>muldf3.S.obj</name>
      </input_file>
      <input_file id="fl-aa">
         <path>C:\ti\ccs1240\ccs\tools\compiler\ti-cgt-armllvm_2.1.3.LTS\lib\clang\14.0.6\lib\armv7em-ti-none-eabi\</path>
         <kind>archive</kind>
         <file>libclang_rt.builtins.a</file>
         <name>divdf3.S.obj</name>
      </input_file>
      <input_file id="fl-ab">
         <path>C:\ti\ccs1240\ccs\tools\compiler\ti-cgt-armllvm_2.1.3.LTS\lib\clang\14.0.6\lib\armv7em-ti-none-eabi\</path>
         <kind>archive</kind>
         <file>libclang_rt.builtins.a</file>
         <name>fixdfsi.S.obj</name>
      </input_file>
      <input_file id="fl-ac">
         <path>C:\ti\ccs1240\ccs\tools\compiler\ti-cgt-armllvm_2.1.3.LTS\lib\clang\14.0.6\lib\armv7em-ti-none-eabi\</path>
         <kind>archive</kind>
         <file>libclang_rt.builtins.a</file>
         <name>floatsidf.S.obj</name>
      </input_file>
      <input_file id="fl-ad">
         <path>C:\ti\ccs1240\ccs\tools\compiler\ti-cgt-armllvm_2.1.3.LTS\lib\clang\14.0.6\lib\armv7em-ti-none-eabi\</path>
         <kind>archive</kind>
         <file>libclang_rt.builtins.a</file>
         <name>aeabi_dcmp.S.obj</name>
      </input_file>
      <input_file id="fl-ae">
         <path>C:\ti\ccs1240\ccs\tools\compiler\ti-cgt-armllvm_2.1.3.LTS\lib\clang\14.0.6\lib\armv7em-ti-none-eabi\</path>
         <kind>archive</kind>
         <file>libclang_rt.builtins.a</file>
         <name>aeabi_memcpy.S.obj</name>
      </input_file>
      <input_file id="fl-af">
         <path>C:\ti\ccs1240\ccs\tools\compiler\ti-cgt-armllvm_2.1.3.LTS\lib\clang\14.0.6\lib\armv7em-ti-none-eabi\</path>
         <kind>archive</kind>
         <file>libclang_rt.builtins.a</file>
         <name>aeabi_memset.S.obj</name>
      </input_file>
      <input_file id="fl-b0">
         <path>C:\ti\ccs1240\ccs\tools\compiler\ti-cgt-armllvm_2.1.3.LTS\lib\clang\14.0.6\lib\armv7em-ti-none-eabi\</path>
         <kind>archive</kind>
         <file>libclang_rt.builtins.a</file>
         <name>aeabi_uldivmod.S.obj</name>
      </input_file>
      <input_file id="fl-b1">
         <path>C:\ti\ccs1240\ccs\tools\compiler\ti-cgt-armllvm_2.1.3.LTS\lib\clang\14.0.6\lib\armv7em-ti-none-eabi\</path>
         <kind>archive</kind>
         <file>libclang_rt.builtins.a</file>
         <name>udivmoddi4.S.obj</name>
      </input_file>
      <input_file id="fl-b2">
         <path>C:\ti\ccs1240\ccs\tools\compiler\ti-cgt-armllvm_2.1.3.LTS\lib\clang\14.0.6\lib\armv7em-ti-none-eabi\</path>
         <kind>archive</kind>
         <file>libclang_rt.builtins.a</file>
         <name>comparedf2.c.obj</name>
      </input_file>
      <input_file id="fl-b3">
         <path>C:\ti\ccs1240\ccs\tools\compiler\ti-cgt-armllvm_2.1.3.LTS\lib\clang\14.0.6\lib\armv7em-ti-none-eabi\</path>
         <kind>archive</kind>
         <file>libclang_rt.builtins.a</file>
         <name>aeabi_div0.c.obj</name>
      </input_file>
      <input_file id="fl-b4">
         <path>C:\ti\ccs1240\ccs\tools\compiler\ti-cgt-armllvm_2.1.3.LTS\lib\armv7em-ti-none-eabi\c\</path>
         <kind>archive</kind>
         <file>libc.a</file>
         <name>getdevice.c.obj</name>
      </input_file>
      <input_file id="fl-b5">
         <path>C:\ti\ccs1240\ccs\tools\compiler\ti-cgt-armllvm_2.1.3.LTS\lib\armv7em-ti-none-eabi\c\</path>
         <kind>archive</kind>
         <file>libc.a</file>
         <name>memcpy_t2.S.obj</name>
      </input_file>
      <input_file id="fl-b6">
         <path>C:\ti\ccs1240\ccs\tools\compiler\ti-cgt-armllvm_2.1.3.LTS\lib\armv7em-ti-none-eabi\c\</path>
         <kind>archive</kind>
         <file>libc.a</file>
         <name>memset_t2.S.obj</name>
      </input_file>
   </input_file_list>
   <object_component_list>
      <object_component id="oc-29c">
         <name>.text:__TI_printfi_nofloat</name>
         <load_address>0x2000c040</load_address>
         <run_address>0x2000c040</run_address>
         <size>0x844</size>
         <input_file_ref idref="fl-48"/>
      </object_component>
      <object_component id="oc-c8">
         <name>.text.PRCMCC3200MCUInit</name>
         <load_address>0x2000c884</load_address>
         <run_address>0x2000c884</run_address>
         <size>0x4b8</size>
         <input_file_ref idref="fl-2e"/>
      </object_component>
      <object_component id="oc-21c">
         <name>.text.Power_sleep</name>
         <load_address>0x2000cd3c</load_address>
         <run_address>0x2000cd3c</run_address>
         <size>0x3e4</size>
         <input_file_ref idref="fl-18"/>
      </object_component>
      <object_component id="oc-1e2">
         <name>.text.UART2CC32XX_hwiIntFxn</name>
         <load_address>0x2000d120</load_address>
         <run_address>0x2000d120</run_address>
         <size>0x222</size>
         <input_file_ref idref="fl-1d"/>
      </object_component>
      <object_component id="oc-d8">
         <name>.text.Board_initHook</name>
         <load_address>0x2000d342</load_address>
         <run_address>0x2000d342</run_address>
         <size>0x2</size>
         <input_file_ref idref="fl-2"/>
      </object_component>
      <object_component id="oc-14e">
         <name>.text.UART2_open</name>
         <load_address>0x2000d344</load_address>
         <run_address>0x2000d344</run_address>
         <size>0x1cc</size>
         <input_file_ref idref="fl-1d"/>
      </object_component>
      <object_component id="oc-2ec">
         <name>.text.UART2_writeTimeoutBlocking</name>
         <load_address>0x2000d510</load_address>
         <run_address>0x2000d510</run_address>
         <size>0x174</size>
         <input_file_ref idref="fl-1c"/>
      </object_component>
      <object_component id="oc-196">
         <name>.text.PowerCC32XX_sleepPolicy</name>
         <load_address>0x2000d684</load_address>
         <run_address>0x2000d684</run_address>
         <size>0x150</size>
         <input_file_ref idref="fl-25"/>
      </object_component>
      <object_component id="oc-140">
         <name>.text.Timer_open</name>
         <load_address>0x2000d7d4</load_address>
         <run_address>0x2000d7d4</run_address>
         <size>0x148</size>
         <input_file_ref idref="fl-1b"/>
      </object_component>
      <object_component id="oc-ee">
         <name>.text.GPIO_setConfig</name>
         <load_address>0x2000d91c</load_address>
         <run_address>0x2000d91c</run_address>
         <size>0x140</size>
         <input_file_ref idref="fl-15"/>
      </object_component>
      <object_component id="oc-1f3">
         <name>.text.I2CCC32XX_hwiFxn</name>
         <load_address>0x2000da5c</load_address>
         <run_address>0x2000da5c</run_address>
         <size>0x138</size>
         <input_file_ref idref="fl-17"/>
      </object_component>
      <object_component id="oc-1f7">
         <name>.text.I2C_transferTimeout</name>
         <load_address>0x2000db94</load_address>
         <run_address>0x2000db94</run_address>
         <size>0x126</size>
         <input_file_ref idref="fl-16"/>
      </object_component>
      <object_component id="oc-156">
         <name>.text.I2C_init</name>
         <load_address>0x2000dcba</load_address>
         <run_address>0x2000dcba</run_address>
         <size>0x2</size>
         <input_file_ref idref="fl-16"/>
      </object_component>
      <object_component id="oc-29e">
         <name>.text.aligned_alloc</name>
         <load_address>0x2000dcbc</load_address>
         <run_address>0x2000dcbc</run_address>
         <size>0x120</size>
         <input_file_ref idref="fl-42"/>
      </object_component>
      <object_component id="oc-2eb">
         <name>.text.UART2_writeTimeoutNonblocking</name>
         <load_address>0x2000dddc</load_address>
         <run_address>0x2000dddc</run_address>
         <size>0x11a</size>
         <input_file_ref idref="fl-1c"/>
      </object_component>
      <object_component id="oc-2e6">
         <name>.text.uDMAChannelTransferSet</name>
         <load_address>0x2000def6</load_address>
         <run_address>0x2000def6</run_address>
         <size>0x112</size>
         <input_file_ref idref="fl-33"/>
      </object_component>
      <object_component id="oc-ed">
         <name>.text.initI2C</name>
         <load_address>0x2000e008</load_address>
         <run_address>0x2000e008</run_address>
         <size>0x110</size>
         <input_file_ref idref="fl-1"/>
      </object_component>
      <object_component id="oc-2a4">
         <name>.text</name>
         <load_address>0x2000e118</load_address>
         <run_address>0x2000e118</run_address>
         <size>0xfc</size>
         <input_file_ref idref="fl-a9"/>
      </object_component>
      <object_component id="oc-19d">
         <name>.text.free</name>
         <load_address>0x2000e214</load_address>
         <run_address>0x2000e214</run_address>
         <size>0xf8</size>
         <input_file_ref idref="fl-42"/>
      </object_component>
      <object_component id="oc-15c">
         <name>.text.I2C_open</name>
         <load_address>0x2000e30c</load_address>
         <run_address>0x2000e30c</run_address>
         <size>0xe8</size>
         <input_file_ref idref="fl-17"/>
      </object_component>
      <object_component id="oc-1dd">
         <name>.text.UART2_close</name>
         <load_address>0x2000e3f4</load_address>
         <run_address>0x2000e3f4</run_address>
         <size>0xe8</size>
         <input_file_ref idref="fl-1d"/>
      </object_component>
      <object_component id="oc-278">
         <name>.text.UART2Support_dmaStartRx</name>
         <load_address>0x2000e4dc</load_address>
         <run_address>0x2000e4dc</run_address>
         <size>0xcc</size>
         <input_file_ref idref="fl-1d"/>
      </object_component>
      <object_component id="oc-2da">
         <name>.text.IntDisable</name>
         <load_address>0x2000e5a8</load_address>
         <run_address>0x2000e5a8</run_address>
         <size>0xc8</size>
         <input_file_ref idref="fl-2c"/>
      </object_component>
      <object_component id="oc-263">
         <name>.text.IntEnable</name>
         <load_address>0x2000e670</load_address>
         <run_address>0x2000e670</run_address>
         <size>0xc8</size>
         <input_file_ref idref="fl-2c"/>
      </object_component>
      <object_component id="oc-1da">
         <name>.text.UART2CC32XX_initHw</name>
         <load_address>0x2000e738</load_address>
         <run_address>0x2000e738</run_address>
         <size>0xc4</size>
         <input_file_ref idref="fl-1d"/>
      </object_component>
      <object_component id="oc-27b">
         <name>.text.UART2Support_dmaStartTx</name>
         <load_address>0x2000e7fc</load_address>
         <run_address>0x2000e7fc</run_address>
         <size>0xb8</size>
         <input_file_ref idref="fl-1d"/>
      </object_component>
      <object_component id="oc-2b1">
         <name>.text</name>
         <load_address>0x2000e8b4</load_address>
         <run_address>0x2000e8b4</run_address>
         <size>0xb0</size>
         <input_file_ref idref="fl-b1"/>
      </object_component>
      <object_component id="oc-1ff">
         <name>.text.GPIOIntTypeSet</name>
         <load_address>0x2000e964</load_address>
         <run_address>0x2000e964</run_address>
         <size>0xac</size>
         <input_file_ref idref="fl-29"/>
      </object_component>
      <object_component id="oc-329">
         <name>.text.IntPendSet</name>
         <load_address>0x2000ea10</load_address>
         <run_address>0x2000ea10</run_address>
         <size>0xa4</size>
         <input_file_ref idref="fl-2c"/>
      </object_component>
      <object_component id="oc-170">
         <name>.text.PinConfigSet</name>
         <load_address>0x2000eab4</load_address>
         <run_address>0x2000eab4</run_address>
         <size>0xa2</size>
         <input_file_ref idref="fl-2d"/>
      </object_component>
      <object_component id="oc-28f">
         <name>.text.I2CCC32XX_completeTransfer</name>
         <load_address>0x2000eb56</load_address>
         <run_address>0x2000eb56</run_address>
         <size>0x9c</size>
         <input_file_ref idref="fl-17"/>
      </object_component>
      <object_component id="oc-280">
         <name>.text.I2CMasterInitExpClk</name>
         <load_address>0x2000ebf2</load_address>
         <run_address>0x2000ebf2</run_address>
         <size>0x98</size>
         <input_file_ref idref="fl-2b"/>
      </object_component>
      <object_component id="oc-191">
         <name>.text.PowerCC32XX_initPolicy</name>
         <load_address>0x2000ec8a</load_address>
         <run_address>0x2000ec8a</run_address>
         <size>0x2</size>
         <input_file_ref idref="fl-25"/>
      </object_component>
      <object_component id="oc-121">
         <name>.text.SemaphoreP_pend</name>
         <load_address>0x2000ec8c</load_address>
         <run_address>0x2000ec8c</run_address>
         <size>0x98</size>
         <input_file_ref idref="fl-22"/>
      </object_component>
      <object_component id="oc-2c8">
         <name>.text.CPUwfi</name>
         <load_address>0x2000ed24</load_address>
         <run_address>0x2000ed24</run_address>
         <size>0xc</size>
         <input_file_ref idref="fl-28"/>
      </object_component>
      <object_component id="oc-2bd">
         <name>.text</name>
         <load_address>0x2000ed30</load_address>
         <run_address>0x2000ed30</run_address>
         <size>0x96</size>
         <input_file_ref idref="fl-19"/>
      </object_component>
      <object_component id="oc-25c">
         <name>.text.uDMAChannelAttributeDisable</name>
         <load_address>0x2000edc6</load_address>
         <run_address>0x2000edc6</run_address>
         <size>0x92</size>
         <input_file_ref idref="fl-33"/>
      </object_component>
      <object_component id="oc-d2">
         <name>.text.GPIO_init</name>
         <load_address>0x2000ee58</load_address>
         <run_address>0x2000ee58</run_address>
         <size>0x90</size>
         <input_file_ref idref="fl-15"/>
      </object_component>
      <object_component id="oc-100">
         <name>.text.PRCMSysResetCauseGet</name>
         <load_address>0x2000eee8</load_address>
         <run_address>0x2000eee8</run_address>
         <size>0x8e</size>
         <input_file_ref idref="fl-2e"/>
      </object_component>
      <object_component id="oc-231">
         <name>.text.SemaphoreP_destruct</name>
         <load_address>0x2000ef76</load_address>
         <run_address>0x2000ef76</run_address>
         <size>0x2</size>
         <input_file_ref idref="fl-22"/>
      </object_component>
      <object_component id="oc-a6">
         <name>.text.mainThread</name>
         <load_address>0x2000ef78</load_address>
         <run_address>0x2000ef78</run_address>
         <size>0x8c</size>
         <input_file_ref idref="fl-1"/>
      </object_component>
      <object_component id="oc-112">
         <name>.text.PowerCC32XX_configureWakeup</name>
         <load_address>0x2000f004</load_address>
         <run_address>0x2000f004</run_address>
         <size>0x88</size>
         <input_file_ref idref="fl-18"/>
      </object_component>
      <object_component id="oc-28c">
         <name>.text.I2CCC32XX_primeReadBurst</name>
         <load_address>0x2000f08c</load_address>
         <run_address>0x2000f08c</run_address>
         <size>0x7a</size>
         <input_file_ref idref="fl-17"/>
      </object_component>
      <object_component id="oc-139">
         <name>.text.Timer_init</name>
         <load_address>0x2000f106</load_address>
         <run_address>0x2000f106</run_address>
         <size>0x2</size>
         <input_file_ref idref="fl-1a"/>
      </object_component>
      <object_component id="oc-cd">
         <name>.text.Power_init</name>
         <load_address>0x2000f108</load_address>
         <run_address>0x2000f108</run_address>
         <size>0x78</size>
         <input_file_ref idref="fl-18"/>
      </object_component>
      <object_component id="oc-1dc">
         <name>.text.HwiP_construct</name>
         <load_address>0x2000f180</load_address>
         <run_address>0x2000f180</run_address>
         <size>0x74</size>
         <input_file_ref idref="fl-24"/>
      </object_component>
      <object_component id="oc-18e">
         <name>.text.PRCMHibernateWakeUpGPIOSelect</name>
         <load_address>0x2000f1f4</load_address>
         <run_address>0x2000f1f4</run_address>
         <size>0x74</size>
         <input_file_ref idref="fl-2e"/>
      </object_component>
      <object_component id="oc-251">
         <name>.text.UARTConfigSetExpClk</name>
         <load_address>0x2000f268</load_address>
         <run_address>0x2000f268</run_address>
         <size>0x74</size>
         <input_file_ref idref="fl-32"/>
      </object_component>
      <object_component id="oc-2bb">
         <name>.text.PinLockLevelSet</name>
         <load_address>0x2000f2dc</load_address>
         <run_address>0x2000f2dc</run_address>
         <size>0x6c</size>
         <input_file_ref idref="fl-2d"/>
      </object_component>
      <object_component id="oc-171">
         <name>.text.Power_setDependency</name>
         <load_address>0x2000f348</load_address>
         <run_address>0x2000f348</run_address>
         <size>0x6c</size>
         <input_file_ref idref="fl-18"/>
      </object_component>
      <object_component id="oc-1d8">
         <name>.text.UDMACC32XX_open</name>
         <load_address>0x2000f3b4</load_address>
         <run_address>0x2000f3b4</run_address>
         <size>0x6c</size>
         <input_file_ref idref="fl-20"/>
      </object_component>
      <object_component id="oc-128">
         <name>.text.powerNotifyFxn</name>
         <load_address>0x2000f420</load_address>
         <run_address>0x2000f420</run_address>
         <size>0x6c</size>
         <input_file_ref idref="fl-15"/>
      </object_component>
      <object_component id="oc-312">
         <name>.text.split</name>
         <load_address>0x2000f48c</load_address>
         <run_address>0x2000f48c</run_address>
         <size>0x6c</size>
         <input_file_ref idref="fl-42"/>
      </object_component>
      <object_component id="oc-108">
         <name>.text.PRCMPeripheralReset</name>
         <load_address>0x2000f4f8</load_address>
         <run_address>0x2000f4f8</run_address>
         <size>0x6a</size>
         <input_file_ref idref="fl-2e"/>
      </object_component>
      <object_component id="oc-18">
         <name>.text:decompress:lzss</name>
         <load_address>0x2000f562</load_address>
         <run_address>0x2000f562</run_address>
         <size>0x6a</size>
         <input_file_ref idref="fl-45"/>
      </object_component>
      <object_component id="oc-1ee">
         <name>.text.I2CCC32XX_initHw</name>
         <load_address>0x2000f5cc</load_address>
         <run_address>0x2000f5cc</run_address>
         <size>0x68</size>
         <input_file_ref idref="fl-17"/>
      </object_component>
      <object_component id="oc-260">
         <name>.text.IntPendClear</name>
         <load_address>0x2000f634</load_address>
         <run_address>0x2000f634</run_address>
         <size>0x68</size>
         <input_file_ref idref="fl-2c"/>
      </object_component>
      <object_component id="oc-17b">
         <name>.text.updateTask</name>
         <load_address>0x2000f69c</load_address>
         <run_address>0x2000f69c</run_address>
         <size>0x68</size>
         <input_file_ref idref="fl-1"/>
      </object_component>
      <object_component id="oc-28d">
         <name>.text.I2CCC32XX_primeWriteBurst</name>
         <load_address>0x2000f704</load_address>
         <run_address>0x2000f704</run_address>
         <size>0x66</size>
         <input_file_ref idref="fl-17"/>
      </object_component>
      <object_component id="oc-1e0">
         <name>.text.UART2CC32XX_eventCallback</name>
         <load_address>0x2000f76a</load_address>
         <run_address>0x2000f76a</run_address>
         <size>0x2</size>
         <input_file_ref idref="fl-1d"/>
      </object_component>
      <object_component id="oc-203">
         <name>.text.readTemp</name>
         <load_address>0x2000f76c</load_address>
         <run_address>0x2000f76c</run_address>
         <size>0x64</size>
         <input_file_ref idref="fl-1"/>
      </object_component>
      <object_component id="oc-e4">
         <name>.text.GPIO_write</name>
         <load_address>0x2000f7d0</load_address>
         <run_address>0x2000f7d0</run_address>
         <size>0x60</size>
         <input_file_ref idref="fl-15"/>
      </object_component>
      <object_component id="oc-27a">
         <name>.text.UART2Support_dmaStopTx</name>
         <load_address>0x2000f830</load_address>
         <run_address>0x2000f830</run_address>
         <size>0x60</size>
         <input_file_ref idref="fl-1d"/>
      </object_component>
      <object_component id="oc-324">
         <name>.text.FlashDisable</name>
         <load_address>0x2000f890</load_address>
         <run_address>0x2000f890</run_address>
         <size>0x5c</size>
         <input_file_ref idref="fl-35"/>
      </object_component>
      <object_component id="oc-292">
         <name>.text.I2CSupport_primeTransfer</name>
         <load_address>0x2000f8ec</load_address>
         <run_address>0x2000f8ec</run_address>
         <size>0x5c</size>
         <input_file_ref idref="fl-17"/>
      </object_component>
      <object_component id="oc-190">
         <name>.text.PRCMHibernateWakeupSourceDisable</name>
         <load_address>0x2000f948</load_address>
         <run_address>0x2000f948</run_address>
         <size>0x5c</size>
         <input_file_ref idref="fl-2e"/>
      </object_component>
      <object_component id="oc-1b7">
         <name>.text.TimerCC32XX_allocateTimerResource</name>
         <load_address>0x2000f9a4</load_address>
         <run_address>0x2000f9a4</run_address>
         <size>0x5c</size>
         <input_file_ref idref="fl-1b"/>
      </object_component>
      <object_component id="oc-107">
         <name>.text.PRCMPeripheralClkEnable</name>
         <load_address>0x2000fa00</load_address>
         <run_address>0x2000fa00</run_address>
         <size>0x5a</size>
         <input_file_ref idref="fl-2e"/>
      </object_component>
      <object_component id="oc-318">
         <name>.text.__aeabi_ldiv0</name>
         <load_address>0x2000fa5a</load_address>
         <run_address>0x2000fa5a</run_address>
         <size>0x2</size>
         <input_file_ref idref="fl-b3"/>
      </object_component>
      <object_component id="oc-2af">
         <name>.text.ClockP_startup</name>
         <load_address>0x2000fa5c</load_address>
         <run_address>0x2000fa5c</run_address>
         <size>0x58</size>
         <input_file_ref idref="fl-23"/>
      </object_component>
      <object_component id="oc-262">
         <name>.text.IntPrioritySet</name>
         <load_address>0x2000fab4</load_address>
         <run_address>0x2000fab4</run_address>
         <size>0x58</size>
         <input_file_ref idref="fl-2c"/>
      </object_component>
      <object_component id="oc-2c7">
         <name>.text.PRCMLPDSEnter</name>
         <load_address>0x2000fb0c</load_address>
         <run_address>0x2000fb0c</run_address>
         <size>0x56</size>
         <input_file_ref idref="fl-2e"/>
      </object_component>
      <object_component id="oc-17c">
         <name>.text._nop</name>
         <load_address>0x2000fb62</load_address>
         <run_address>0x2000fb62</run_address>
         <size>0x2</size>
         <input_file_ref idref="fl-4d"/>
      </object_component>
      <object_component id="oc-1b0">
         <name>.text.PowerCC32XX_setParkState</name>
         <load_address>0x2000fb64</load_address>
         <run_address>0x2000fb64</run_address>
         <size>0x54</size>
         <input_file_ref idref="fl-18"/>
      </object_component>
      <object_component id="oc-26d">
         <name>.text.Power_releaseDependency</name>
         <load_address>0x2000fbb8</load_address>
         <run_address>0x2000fbb8</run_address>
         <size>0x54</size>
         <input_file_ref idref="fl-18"/>
      </object_component>
      <object_component id="oc-178">
         <name>.text.GPIO_hwiIntFxn</name>
         <load_address>0x2000fc0c</load_address>
         <run_address>0x2000fc0c</run_address>
         <size>0x50</size>
         <input_file_ref idref="fl-15"/>
      </object_component>
      <object_component id="oc-18f">
         <name>.text.PRCMHibernateWakeupSourceEnable</name>
         <load_address>0x2000fc5c</load_address>
         <run_address>0x2000fc5c</run_address>
         <size>0x50</size>
         <input_file_ref idref="fl-2e"/>
      </object_component>
      <object_component id="oc-225">
         <name>.text.SemaphoreP_construct</name>
         <load_address>0x2000fcac</load_address>
         <run_address>0x2000fcac</run_address>
         <size>0x50</size>
         <input_file_ref idref="fl-22"/>
      </object_component>
      <object_component id="oc-25b">
         <name>.text.uDMAChannelAssign</name>
         <load_address>0x2000fcfc</load_address>
         <run_address>0x2000fcfc</run_address>
         <size>0x4e</size>
         <input_file_ref idref="fl-33"/>
      </object_component>
      <object_component id="oc-4e">
         <name>.text.busFaultHandler</name>
         <load_address>0x2000fd4a</load_address>
         <run_address>0x2000fd4a</run_address>
         <size>0x2</size>
         <input_file_ref idref="fl-26"/>
      </object_component>
      <object_component id="oc-175">
         <name>.text.GPIO_setInterruptConfig</name>
         <load_address>0x2000fd4c</load_address>
         <run_address>0x2000fd4c</run_address>
         <size>0x4c</size>
         <input_file_ref idref="fl-15"/>
      </object_component>
      <object_component id="oc-322">
         <name>.text.PRCMLPDSRestoreInfoSet</name>
         <load_address>0x2000fd98</load_address>
         <run_address>0x2000fd98</run_address>
         <size>0x4c</size>
         <input_file_ref idref="fl-2e"/>
      </object_component>
      <object_component id="oc-1bc">
         <name>.text.initHw</name>
         <load_address>0x2000fde4</load_address>
         <run_address>0x2000fde4</run_address>
         <size>0x4c</size>
         <input_file_ref idref="fl-1b"/>
      </object_component>
      <object_component id="oc-276">
         <name>.text.UART2Support_dmaStopRx</name>
         <load_address>0x2000fe30</load_address>
         <run_address>0x2000fe30</run_address>
         <size>0x4a</size>
         <input_file_ref idref="fl-1d"/>
      </object_component>
      <object_component id="oc-1bb">
         <name>.text.getPrescaler</name>
         <load_address>0x2000fe7a</load_address>
         <run_address>0x2000fe7a</run_address>
         <size>0x4a</size>
         <input_file_ref idref="fl-1b"/>
      </object_component>
      <object_component id="oc-2e0">
         <name>.text.uDMAChannelSizeGet</name>
         <load_address>0x2000fec4</load_address>
         <run_address>0x2000fec4</run_address>
         <size>0x4a</size>
         <input_file_ref idref="fl-33"/>
      </object_component>
      <object_component id="oc-1a4">
         <name>.text.clkFxn</name>
         <load_address>0x2000ff0e</load_address>
         <run_address>0x2000ff0e</run_address>
         <size>0x2</size>
         <input_file_ref idref="fl-22"/>
      </object_component>
      <object_component id="oc-4f">
         <name>.text.ClockP_sysTickHandler</name>
         <load_address>0x2000ff10</load_address>
         <run_address>0x2000ff10</run_address>
         <size>0x48</size>
         <input_file_ref idref="fl-23"/>
      </object_component>
      <object_component id="oc-2c1">
         <name>.text.PRCMIntEnable</name>
         <load_address>0x2000ff58</load_address>
         <run_address>0x2000ff58</run_address>
         <size>0x48</size>
         <input_file_ref idref="fl-2e"/>
      </object_component>
      <object_component id="oc-1fd">
         <name>.text.PRCMPeripheralStatusGet</name>
         <load_address>0x2000ffa0</load_address>
         <run_address>0x2000ffa0</run_address>
         <size>0x48</size>
         <input_file_ref idref="fl-2e"/>
      </object_component>
      <object_component id="oc-31f">
         <name>.text.PinConfigGet</name>
         <load_address>0x2000ffe8</load_address>
         <run_address>0x2000ffe8</run_address>
         <size>0x48</size>
         <input_file_ref idref="fl-2d"/>
      </object_component>
      <object_component id="oc-2fd">
         <name>.text.atoi</name>
         <load_address>0x20010030</load_address>
         <run_address>0x20010030</run_address>
         <size>0x48</size>
         <input_file_ref idref="fl-51"/>
      </object_component>
      <object_component id="oc-2a8">
         <name>.text</name>
         <load_address>0x20010078</load_address>
         <run_address>0x20010078</run_address>
         <size>0x48</size>
         <input_file_ref idref="fl-ab"/>
      </object_component>
      <object_component id="oc-28b">
         <name>.text.I2CCC32XX_fillTransmitFifo</name>
         <load_address>0x200100c0</load_address>
         <run_address>0x200100c0</run_address>
         <size>0x46</size>
         <input_file_ref idref="fl-17"/>
      </object_component>
      <object_component id="oc-2c6">
         <name>.text.PRCMLPDSEnterKeepDebugIf</name>
         <load_address>0x20010106</load_address>
         <run_address>0x20010106</run_address>
         <size>0x46</size>
         <input_file_ref idref="fl-2e"/>
      </object_component>
      <object_component id="oc-2de">
         <name>.text.RingBuf_put</name>
         <load_address>0x2001014c</load_address>
         <run_address>0x2001014c</run_address>
         <size>0x46</size>
         <input_file_ref idref="fl-1f"/>
      </object_component>
      <object_component id="oc-174">
         <name>.text.GPIODirModeSet</name>
         <load_address>0x20010192</load_address>
         <run_address>0x20010192</run_address>
         <size>0x44</size>
         <input_file_ref idref="fl-29"/>
      </object_component>
      <object_component id="oc-4d">
         <name>.text.defaultHandler</name>
         <load_address>0x200101d6</load_address>
         <run_address>0x200101d6</run_address>
         <size>0x2</size>
         <input_file_ref idref="fl-26"/>
      </object_component>
      <object_component id="oc-200">
         <name>.text.GPIO_disableInt</name>
         <load_address>0x200101d8</load_address>
         <run_address>0x200101d8</run_address>
         <size>0x44</size>
         <input_file_ref idref="fl-15"/>
      </object_component>
      <object_component id="oc-ea">
         <name>.text.GPIO_enableInt</name>
         <load_address>0x2001021c</load_address>
         <run_address>0x2001021c</run_address>
         <size>0x44</size>
         <input_file_ref idref="fl-15"/>
      </object_component>
      <object_component id="oc-279">
         <name>.text.Power_releaseConstraint</name>
         <load_address>0x20010260</load_address>
         <run_address>0x20010260</run_address>
         <size>0x44</size>
         <input_file_ref idref="fl-18"/>
      </object_component>
      <object_component id="oc-146">
         <name>.text.Timer_start</name>
         <load_address>0x200102a4</load_address>
         <run_address>0x200102a4</run_address>
         <size>0x44</size>
         <input_file_ref idref="fl-1a"/>
      </object_component>
      <object_component id="oc-73">
         <name>.text.addToList</name>
         <load_address>0x200102e8</load_address>
         <run_address>0x200102e8</run_address>
         <size>0x44</size>
         <input_file_ref idref="fl-23"/>
      </object_component>
      <object_component id="oc-eb">
         <name>.text.initTimer</name>
         <load_address>0x2001032c</load_address>
         <run_address>0x2001032c</run_address>
         <size>0x44</size>
         <input_file_ref idref="fl-1"/>
      </object_component>
      <object_component id="oc-164">
         <name>.text.snprintf</name>
         <load_address>0x20010370</load_address>
         <run_address>0x20010370</run_address>
         <size>0x44</size>
         <input_file_ref idref="fl-41"/>
      </object_component>
      <object_component id="oc-10f">
         <name>.text.PinModeSet</name>
         <load_address>0x200103b4</load_address>
         <run_address>0x200103b4</run_address>
         <size>0x42</size>
         <input_file_ref idref="fl-2d"/>
      </object_component>
      <object_component id="oc-23a">
         <name>.text.TimerControlStall</name>
         <load_address>0x200103f6</load_address>
         <run_address>0x200103f6</run_address>
         <size>0x42</size>
         <input_file_ref idref="fl-31"/>
      </object_component>
      <object_component id="oc-1ba">
         <name>.text.Timer_close</name>
         <load_address>0x20010438</load_address>
         <run_address>0x20010438</run_address>
         <size>0x42</size>
         <input_file_ref idref="fl-1b"/>
      </object_component>
      <object_component id="oc-211">
         <name>.text.getCountsRTC</name>
         <load_address>0x2001047a</load_address>
         <run_address>0x2001047a</run_address>
         <size>0x42</size>
         <input_file_ref idref="fl-25"/>
      </object_component>
      <object_component id="oc-123">
         <name>.text.SemaphoreP_post</name>
         <load_address>0x200104bc</load_address>
         <run_address>0x200104bc</run_address>
         <size>0x40</size>
         <input_file_ref idref="fl-22"/>
      </object_component>
      <object_component id="oc-22e">
         <name>.text.Timer_stop</name>
         <load_address>0x200104fc</load_address>
         <run_address>0x200104fc</run_address>
         <size>0x40</size>
         <input_file_ref idref="fl-1a"/>
      </object_component>
      <object_component id="oc-2e5">
         <name>.text.uDMAChannelControlSet</name>
         <load_address>0x2001053c</load_address>
         <run_address>0x2001053c</run_address>
         <size>0x40</size>
         <input_file_ref idref="fl-33"/>
      </object_component>
      <object_component id="oc-321">
         <name>.text.PinDirModeSet</name>
         <load_address>0x2001057c</load_address>
         <run_address>0x2001057c</run_address>
         <size>0x3e</size>
         <input_file_ref idref="fl-2d"/>
      </object_component>
      <object_component id="oc-4c">
         <name>.text.faultISR</name>
         <load_address>0x200105ba</load_address>
         <run_address>0x200105ba</run_address>
         <size>0x2</size>
         <input_file_ref idref="fl-26"/>
      </object_component>
      <object_component id="oc-229">
         <name>.text.ClockP_stop</name>
         <load_address>0x200105bc</load_address>
         <run_address>0x200105bc</run_address>
         <size>0x3c</size>
         <input_file_ref idref="fl-23"/>
      </object_component>
      <object_component id="oc-1d3">
         <name>.text.UDMACC32XX_init</name>
         <load_address>0x200105f8</load_address>
         <run_address>0x200105f8</run_address>
         <size>0x3c</size>
         <input_file_ref idref="fl-20"/>
      </object_component>
      <object_component id="oc-1c4">
         <name>.text.TimerSupport_timerEnable</name>
         <load_address>0x20010634</load_address>
         <run_address>0x20010634</run_address>
         <size>0x3a</size>
         <input_file_ref idref="fl-1b"/>
      </object_component>
      <object_component id="oc-4b">
         <name>.text.nmiISR</name>
         <load_address>0x2001066e</load_address>
         <run_address>0x2001066e</run_address>
         <size>0x2</size>
         <input_file_ref idref="fl-26"/>
      </object_component>
      <object_component id="oc-1a3">
         <name>.text.ClockP_destruct</name>
         <load_address>0x20010670</load_address>
         <run_address>0x20010670</run_address>
         <size>0x38</size>
         <input_file_ref idref="fl-23"/>
      </object_component>
      <object_component id="oc-23f">
         <name>.text.Power_setConstraint</name>
         <load_address>0x200106a8</load_address>
         <run_address>0x200106a8</run_address>
         <size>0x38</size>
         <input_file_ref idref="fl-18"/>
      </object_component>
      <object_component id="oc-2e2">
         <name>.text.RingBuf_putAdvance</name>
         <load_address>0x200106e0</load_address>
         <run_address>0x200106e0</run_address>
         <size>0x38</size>
         <input_file_ref idref="fl-1f"/>
      </object_component>
      <object_component id="oc-222">
         <name>.text.SwiP_restore</name>
         <load_address>0x20010718</load_address>
         <run_address>0x20010718</run_address>
         <size>0x38</size>
         <input_file_ref idref="fl-27"/>
      </object_component>
      <object_component id="oc-26c">
         <name>.text.UDMACC32XX_close</name>
         <load_address>0x20010750</load_address>
         <run_address>0x20010750</run_address>
         <size>0x38</size>
         <input_file_ref idref="fl-20"/>
      </object_component>
      <object_component id="oc-b5">
         <name>.text:__TI_auto_init_nobinit_nopinit</name>
         <load_address>0x20010788</load_address>
         <run_address>0x20010788</run_address>
         <size>0x38</size>
         <input_file_ref idref="fl-54"/>
      </object_component>
      <object_component id="oc-2bc">
         <name>.text.PinLock</name>
         <load_address>0x200107c0</load_address>
         <run_address>0x200107c0</run_address>
         <size>0x36</size>
         <input_file_ref idref="fl-2d"/>
      </object_component>
      <object_component id="oc-1c1">
         <name>.text.TimerCC32XX_hwiIntFunction</name>
         <load_address>0x200107f6</load_address>
         <run_address>0x200107f6</run_address>
         <size>0x36</size>
         <input_file_ref idref="fl-1b"/>
      </object_component>
      <object_component id="oc-36f">
         <name>.text.UARTCharPutNonBlocking</name>
         <load_address>0x2001082c</load_address>
         <run_address>0x2001082c</run_address>
         <size>0x36</size>
         <input_file_ref idref="fl-32"/>
      </object_component>
      <object_component id="oc-1a0">
         <name>.text.ClockP_start</name>
         <load_address>0x20010864</load_address>
         <run_address>0x20010864</run_address>
         <size>0x34</size>
         <input_file_ref idref="fl-23"/>
      </object_component>
      <object_component id="oc-2ee">
         <name>.text.I2CFIFODataPutNonBlocking</name>
         <load_address>0x20010898</load_address>
         <run_address>0x20010898</run_address>
         <size>0x34</size>
         <input_file_ref idref="fl-2b"/>
      </object_component>
      <object_component id="oc-320">
         <name>.text.PinDirModeGet</name>
         <load_address>0x200108cc</load_address>
         <run_address>0x200108cc</run_address>
         <size>0x34</size>
         <input_file_ref idref="fl-2d"/>
      </object_component>
      <object_component id="oc-10a">
         <name>.text.PinModeGet</name>
         <load_address>0x20010900</load_address>
         <run_address>0x20010900</run_address>
         <size>0x34</size>
         <input_file_ref idref="fl-2d"/>
      </object_component>
      <object_component id="oc-2ba">
         <name>.text.PowerCC32XX_parkPin</name>
         <load_address>0x20010934</load_address>
         <run_address>0x20010934</run_address>
         <size>0x34</size>
         <input_file_ref idref="fl-18"/>
      </object_component>
      <object_component id="oc-232">
         <name>.text.TimerCC32XX_freeTimerResource</name>
         <load_address>0x20010968</load_address>
         <run_address>0x20010968</run_address>
         <size>0x34</size>
         <input_file_ref idref="fl-1b"/>
      </object_component>
      <object_component id="oc-269">
         <name>.text.UART2_rxDisable</name>
         <load_address>0x2001099c</load_address>
         <run_address>0x2001099c</run_address>
         <size>0x34</size>
         <input_file_ref idref="fl-1c"/>
      </object_component>
      <object_component id="oc-ec">
         <name>.text.initUART</name>
         <load_address>0x200109d0</load_address>
         <run_address>0x200109d0</run_address>
         <size>0x34</size>
         <input_file_ref idref="fl-1"/>
      </object_component>
      <object_component id="oc-46">
         <name>.text.initVectors</name>
         <load_address>0x20010a04</load_address>
         <run_address>0x20010a04</run_address>
         <size>0x34</size>
         <input_file_ref idref="fl-26"/>
      </object_component>
      <object_component id="oc-20e">
         <name>.text.ClockP_getTicksUntilInterrupt</name>
         <load_address>0x20010a38</load_address>
         <run_address>0x20010a38</run_address>
         <size>0x30</size>
         <input_file_ref idref="fl-23"/>
      </object_component>
      <object_component id="oc-28a">
         <name>.text.I2CFIFODataGetNonBlocking</name>
         <load_address>0x20010a68</load_address>
         <run_address>0x20010a68</run_address>
         <size>0x30</size>
         <input_file_ref idref="fl-2b"/>
      </object_component>
      <object_component id="oc-21b">
         <name>.text.PRCMLPDSIntervalSet</name>
         <load_address>0x20010a98</load_address>
         <run_address>0x20010a98</run_address>
         <size>0x30</size>
         <input_file_ref idref="fl-2e"/>
      </object_component>
      <object_component id="oc-2b0">
         <name>.text.PRCMSlowClkCtrFastGet</name>
         <load_address>0x20010ac8</load_address>
         <run_address>0x20010ac8</run_address>
         <size>0x30</size>
         <input_file_ref idref="fl-2e"/>
      </object_component>
      <object_component id="oc-239">
         <name>.text.TimerLoadSet</name>
         <load_address>0x20010af8</load_address>
         <run_address>0x20010af8</run_address>
         <size>0x30</size>
         <input_file_ref idref="fl-31"/>
      </object_component>
      <object_component id="oc-238">
         <name>.text.TimerPrescaleSet</name>
         <load_address>0x20010b28</load_address>
         <run_address>0x20010b28</run_address>
         <size>0x30</size>
         <input_file_ref idref="fl-31"/>
      </object_component>
      <object_component id="oc-1f9">
         <name>.text._outs</name>
         <load_address>0x20010b58</load_address>
         <run_address>0x20010b58</run_address>
         <size>0x30</size>
         <input_file_ref idref="fl-41"/>
      </object_component>
      <object_component id="oc-2b8">
         <name>.text.notify</name>
         <load_address>0x20010b88</load_address>
         <run_address>0x20010b88</run_address>
         <size>0x30</size>
         <input_file_ref idref="fl-18"/>
      </object_component>
      <object_component id="oc-202">
         <name>.text.GPIOIntStatus</name>
         <load_address>0x20010bb8</load_address>
         <run_address>0x20010bb8</run_address>
         <size>0x2e</size>
         <input_file_ref idref="fl-29"/>
      </object_component>
      <object_component id="oc-2e9">
         <name>.text.RingBuf_getConsume</name>
         <load_address>0x20010be6</load_address>
         <run_address>0x20010be6</run_address>
         <size>0x2e</size>
         <input_file_ref idref="fl-1f"/>
      </object_component>
      <object_component id="oc-2e4">
         <name>.text.RingBuf_putPointer</name>
         <load_address>0x20010c14</load_address>
         <run_address>0x20010c14</run_address>
         <size>0x2e</size>
         <input_file_ref idref="fl-1f"/>
      </object_component>
      <object_component id="oc-26a">
         <name>.text.UARTDisable</name>
         <load_address>0x20010c42</load_address>
         <run_address>0x20010c42</run_address>
         <size>0x2e</size>
         <input_file_ref idref="fl-32"/>
      </object_component>
      <object_component id="oc-2a0">
         <name>.text</name>
         <load_address>0x20010c70</load_address>
         <run_address>0x20010c70</run_address>
         <size>0x2e</size>
         <input_file_ref idref="fl-ac"/>
      </object_component>
      <object_component id="oc-289">
         <name>.text.I2CMasterIntStatusEx</name>
         <load_address>0x20010c9e</load_address>
         <run_address>0x20010c9e</run_address>
         <size>0x2c</size>
         <input_file_ref idref="fl-2b"/>
      </object_component>
      <object_component id="oc-273">
         <name>.text.UART2CC32XX_getRxData</name>
         <load_address>0x20010cca</load_address>
         <run_address>0x20010cca</run_address>
         <size>0x2c</size>
         <input_file_ref idref="fl-1d"/>
      </object_component>
      <object_component id="oc-173">
         <name>.text.HwiP_create</name>
         <load_address>0x20010cf6</load_address>
         <run_address>0x20010cf6</run_address>
         <size>0x2a</size>
         <input_file_ref idref="fl-24"/>
      </object_component>
      <object_component id="oc-18d">
         <name>.text.PRCMLPDSWakeUpGPIOSelect</name>
         <load_address>0x20010d20</load_address>
         <run_address>0x20010d20</run_address>
         <size>0x2a</size>
         <input_file_ref idref="fl-2e"/>
      </object_component>
      <object_component id="oc-109">
         <name>.text.PRCMPeripheralClkDisable</name>
         <load_address>0x20010d4a</load_address>
         <run_address>0x20010d4a</run_address>
         <size>0x2a</size>
         <input_file_ref idref="fl-2e"/>
      </object_component>
      <object_component id="oc-272">
         <name>.text.UARTIntStatus</name>
         <load_address>0x20010d74</load_address>
         <run_address>0x20010d74</run_address>
         <size>0x2a</size>
         <input_file_ref idref="fl-32"/>
      </object_component>
      <object_component id="oc-2f3">
         <name>.text.I2CMasterBusBusy</name>
         <load_address>0x20010d9e</load_address>
         <run_address>0x20010d9e</run_address>
         <size>0x28</size>
         <input_file_ref idref="fl-2b"/>
      </object_component>
      <object_component id="oc-2ef">
         <name>.text.I2CMasterSlaveAddrSet</name>
         <load_address>0x20010dc6</load_address>
         <run_address>0x20010dc6</run_address>
         <size>0x28</size>
         <input_file_ref idref="fl-2b"/>
      </object_component>
      <object_component id="oc-284">
         <name>.text.I2CTxFIFOConfigSet</name>
         <load_address>0x20010dee</load_address>
         <run_address>0x20010dee</run_address>
         <size>0x28</size>
         <input_file_ref idref="fl-2b"/>
      </object_component>
      <object_component id="oc-295">
         <name>.text.I2C_cancel</name>
         <load_address>0x20010e16</load_address>
         <run_address>0x20010e16</run_address>
         <size>0x28</size>
         <input_file_ref idref="fl-16"/>
      </object_component>
      <object_component id="oc-2cc">
         <name>.text.List_remove</name>
         <load_address>0x20010e3e</load_address>
         <run_address>0x20010e3e</run_address>
         <size>0x28</size>
         <input_file_ref idref="fl-1e"/>
      </object_component>
      <object_component id="oc-2b9">
         <name>.text.PRCMSRAMRetentionEnable</name>
         <load_address>0x20010e66</load_address>
         <run_address>0x20010e66</run_address>
         <size>0x28</size>
         <input_file_ref idref="fl-2e"/>
      </object_component>
      <object_component id="oc-1d1">
         <name>.text.PowerCC32XX_getParkState</name>
         <load_address>0x20010e90</load_address>
         <run_address>0x20010e90</run_address>
         <size>0x28</size>
         <input_file_ref idref="fl-18"/>
      </object_component>
      <object_component id="oc-2cb">
         <name>.text.TimerSupport_timerDisable</name>
         <load_address>0x20010eb8</load_address>
         <run_address>0x20010eb8</run_address>
         <size>0x28</size>
         <input_file_ref idref="fl-1b"/>
      </object_component>
      <object_component id="oc-228">
         <name>.text.free_list_insert</name>
         <load_address>0x20010ee0</load_address>
         <run_address>0x20010ee0</run_address>
         <size>0x28</size>
         <input_file_ref idref="fl-42"/>
      </object_component>
      <object_component id="oc-285">
         <name>.text.I2CRxFIFOConfigSet</name>
         <load_address>0x20010f08</load_address>
         <run_address>0x20010f08</run_address>
         <size>0x24</size>
         <input_file_ref idref="fl-2b"/>
      </object_component>
      <object_component id="oc-2db">
         <name>.text.IntUnregister</name>
         <load_address>0x20010f2c</load_address>
         <run_address>0x20010f2c</run_address>
         <size>0x24</size>
         <input_file_ref idref="fl-2c"/>
      </object_component>
      <object_component id="oc-1a5">
         <name>.text.List_put</name>
         <load_address>0x20010f50</load_address>
         <run_address>0x20010f50</run_address>
         <size>0x24</size>
         <input_file_ref idref="fl-1e"/>
      </object_component>
      <object_component id="oc-18b">
         <name>.text.PRCMLPDSWakeupSourceEnable</name>
         <load_address>0x20010f74</load_address>
         <run_address>0x20010f74</run_address>
         <size>0x24</size>
         <input_file_ref idref="fl-2e"/>
      </object_component>
      <object_component id="oc-26e">
         <name>.text.PowerCC32XX_restoreParkState</name>
         <load_address>0x20010f98</load_address>
         <run_address>0x20010f98</run_address>
         <size>0x24</size>
         <input_file_ref idref="fl-18"/>
      </object_component>
      <object_component id="oc-2c3">
         <name>.text.PowerCC32XX_restoreParkedPin</name>
         <load_address>0x20010fbc</load_address>
         <run_address>0x20010fbc</run_address>
         <size>0x24</size>
         <input_file_ref idref="fl-18"/>
      </object_component>
      <object_component id="oc-122">
         <name>.text.Power_registerNotify</name>
         <load_address>0x20010fe0</load_address>
         <run_address>0x20010fe0</run_address>
         <size>0x24</size>
         <input_file_ref idref="fl-18"/>
      </object_component>
      <object_component id="oc-2d8">
         <name>.text.UART2Support_disableRx</name>
         <load_address>0x20011004</load_address>
         <run_address>0x20011004</run_address>
         <size>0x24</size>
         <input_file_ref idref="fl-1d"/>
      </object_component>
      <object_component id="oc-179">
         <name>.text.buttonTask</name>
         <load_address>0x20011028</load_address>
         <run_address>0x20011028</run_address>
         <size>0x24</size>
         <input_file_ref idref="fl-1"/>
      </object_component>
      <object_component id="oc-6c">
         <name>.text:_c_int00_noargs</name>
         <load_address>0x2001104c</load_address>
         <run_address>0x2001104c</run_address>
         <size>0x24</size>
         <input_file_ref idref="fl-46"/>
      </object_component>
      <object_component id="oc-12f">
         <name>.text.GPIOPinWrite</name>
         <load_address>0x20011070</load_address>
         <run_address>0x20011070</run_address>
         <size>0x22</size>
         <input_file_ref idref="fl-29"/>
      </object_component>
      <object_component id="oc-2c2">
         <name>.text.PinUnlock</name>
         <load_address>0x20011092</load_address>
         <run_address>0x20011092</run_address>
         <size>0x22</size>
         <input_file_ref idref="fl-2d"/>
      </object_component>
      <object_component id="oc-2ea">
         <name>.text.RingBuf_getPointer</name>
         <load_address>0x200110b4</load_address>
         <run_address>0x200110b4</run_address>
         <size>0x22</size>
         <input_file_ref idref="fl-1f"/>
      </object_component>
      <object_component id="oc-331">
         <name>.text.UART2Support_sendData</name>
         <load_address>0x200110d6</load_address>
         <run_address>0x200110d6</run_address>
         <size>0x22</size>
         <input_file_ref idref="fl-1d"/>
      </object_component>
      <object_component id="oc-261">
         <name>.text.IntRegister</name>
         <load_address>0x200110f8</load_address>
         <run_address>0x200110f8</run_address>
         <size>0x20</size>
         <input_file_ref idref="fl-2c"/>
      </object_component>
      <object_component id="oc-1ed">
         <name>.text.PinTypeI2C</name>
         <load_address>0x20011118</load_address>
         <run_address>0x20011118</run_address>
         <size>0x20</size>
         <input_file_ref idref="fl-2d"/>
      </object_component>
      <object_component id="oc-1c9">
         <name>.text.PowerCC32XX_reset</name>
         <load_address>0x20011138</load_address>
         <run_address>0x20011138</run_address>
         <size>0x20</size>
         <input_file_ref idref="fl-18"/>
      </object_component>
      <object_component id="oc-22f">
         <name>.text.Power_unregisterNotify</name>
         <load_address>0x20011158</load_address>
         <run_address>0x20011158</run_address>
         <size>0x20</size>
         <input_file_ref idref="fl-18"/>
      </object_component>
      <object_component id="oc-1b8">
         <name>.text.SemaphoreP_constructBinary</name>
         <load_address>0x20011178</load_address>
         <run_address>0x20011178</run_address>
         <size>0x20</size>
         <input_file_ref idref="fl-22"/>
      </object_component>
      <object_component id="oc-118">
         <name>.text.SemaphoreP_createBinary</name>
         <load_address>0x20011198</load_address>
         <run_address>0x20011198</run_address>
         <size>0x20</size>
         <input_file_ref idref="fl-22"/>
      </object_component>
      <object_component id="oc-233">
         <name>.text.TimerDisable</name>
         <load_address>0x200111b8</load_address>
         <run_address>0x200111b8</run_address>
         <size>0x20</size>
         <input_file_ref idref="fl-31"/>
      </object_component>
      <object_component id="oc-244">
         <name>.text.PinTypeUART</name>
         <load_address>0x200111d8</load_address>
         <run_address>0x200111d8</run_address>
         <size>0x1e</size>
         <input_file_ref idref="fl-2d"/>
      </object_component>
      <object_component id="oc-27c">
         <name>.text.UART2_writeTimeout</name>
         <load_address>0x200111f6</load_address>
         <run_address>0x200111f6</run_address>
         <size>0x1e</size>
         <input_file_ref idref="fl-1c"/>
      </object_component>
      <object_component id="oc-257">
         <name>.text.UARTEnable</name>
         <load_address>0x20011214</load_address>
         <run_address>0x20011214</run_address>
         <size>0x1e</size>
         <input_file_ref idref="fl-32"/>
      </object_component>
      <object_component id="oc-2f6">
         <name>.text.memccpy</name>
         <load_address>0x20011232</load_address>
         <run_address>0x20011232</run_address>
         <size>0x1e</size>
         <input_file_ref idref="fl-53"/>
      </object_component>
      <object_component id="oc-2df">
         <name>.text.uDMAChannelDisable</name>
         <load_address>0x20011250</load_address>
         <run_address>0x20011250</run_address>
         <size>0x1e</size>
         <input_file_ref idref="fl-33"/>
      </object_component>
      <object_component id="oc-2e7">
         <name>.text.uDMAChannelEnable</name>
         <load_address>0x2001126e</load_address>
         <run_address>0x2001126e</run_address>
         <size>0x1e</size>
         <input_file_ref idref="fl-33"/>
      </object_component>
      <object_component id="oc-275">
[...]
         <object_component_ref idref="oc-26f"/>
      </symbol>
      <symbol id="sm-522">
         <name>PinTypeI2C</name>
         <value>0x20011119</value>
         <object_component_ref idref="oc-1ed"/>
      </symbol>
      <symbol id="sm-523">
         <name>PinTypeUART</name>
         <value>0x200111d9</value>
         <object_component_ref idref="oc-244"/>
      </symbol>
      <symbol id="sm-524">
         <name>PinUnlock</name>
         <value>0x20011093</value>
         <object_component_ref idref="oc-2c2"/>
      </symbol>
      <symbol id="sm-5d6">
         <name>PRCMCC3200MCUInit</name>
         <value>0x2000c885</value>
         <object_component_ref idref="oc-c8"/>
      </symbol>
      <symbol id="sm-5d7">
         <name>PRCMHIBRegRead</name>
         <value>0x2001136f</value>
         <object_component_ref idref="oc-106"/>
      </symbol>
      <symbol id="sm-5d8">
         <name>PRCMHIBRegWrite</name>
         <value>0x20011389</value>
         <object_component_ref idref="oc-105"/>
      </symbol>
      <symbol id="sm-5d9">
         <name>PRCMHibernateWakeUpGPIOSelect</name>
         <value>0x2000f1f5</value>
         <object_component_ref idref="oc-18e"/>
      </symbol>
      <symbol id="sm-5da">
         <name>PRCMHibernateWakeupSourceDisable</name>
         <value>0x2000f949</value>
         <object_component_ref idref="oc-190"/>
      </symbol>
      <symbol id="sm-5db">
         <name>PRCMHibernateWakeupSourceEnable</name>
         <value>0x2000fc5d</value>
         <object_component_ref idref="oc-18f"/>
      </symbol>
      <symbol id="sm-5dc">
         <name>PRCMIntEnable</name>
         <value>0x2000ff59</value>
         <object_component_ref idref="oc-2c1"/>
      </symbol>
      <symbol id="sm-5dd">
         <name>PRCMLPDSEnter</name>
         <value>0x2000fb0d</value>
         <object_component_ref idref="oc-2c7"/>
      </symbol>
      <symbol id="sm-5de">
         <name>PRCMLPDSEnterKeepDebugIf</name>
         <value>0x20010107</value>
         <object_component_ref idref="oc-2c6"/>
      </symbol>
      <symbol id="sm-5df">
         <name>PRCMLPDSIntervalSet</name>
         <value>0x20010a99</value>
         <object_component_ref idref="oc-21b"/>
      </symbol>
      <symbol id="sm-5e0">
         <name>PRCMLPDSRestoreInfoSet</name>
         <value>0x2000fd99</value>
         <object_component_ref idref="oc-322"/>
      </symbol>
      <symbol id="sm-5e1">
         <name>PRCMLPDSWakeUpGPIOSelect</name>
         <value>0x20010d21</value>
         <object_component_ref idref="oc-18d"/>
      </symbol>
      <symbol id="sm-5e2">
         <name>PRCMLPDSWakeupCauseGet</name>
         <value>0x2001192d</value>
         <object_component_ref idref="oc-2c4"/>
      </symbol>
      <symbol id="sm-5e3">
         <name>PRCMLPDSWakeupSourceDisable</name>
         <value>0x200113a3</value>
         <object_component_ref idref="oc-18c"/>
      </symbol>
      <symbol id="sm-5e4">
         <name>PRCMLPDSWakeupSourceEnable</name>
         <value>0x20010f75</value>
         <object_component_ref idref="oc-18b"/>
      </symbol>
      <symbol id="sm-5e5">
         <name>PRCMPeripheralClkDisable</name>
         <value>0x20010d4b</value>
         <object_component_ref idref="oc-109"/>
      </symbol>
      <symbol id="sm-5e6">
         <name>PRCMPeripheralClkEnable</name>
         <value>0x2000fa01</value>
         <object_component_ref idref="oc-107"/>
      </symbol>
      <symbol id="sm-5e7">
         <name>PRCMPeripheralReset</name>
         <value>0x2000f4f9</value>
         <object_component_ref idref="oc-108"/>
      </symbol>
      <symbol id="sm-5e8">
         <name>PRCMPeripheralStatusGet</name>
         <value>0x2000ffa1</value>
         <object_component_ref idref="oc-1fd"/>
      </symbol>
      <symbol id="sm-5e9">
         <name>PRCMSRAMRetentionEnable</name>
         <value>0x20010e67</value>
         <object_component_ref idref="oc-2b9"/>
      </symbol>
      <symbol id="sm-5ea">
         <name>PRCMSleepEnter</name>
         <value>0x20011a17</value>
         <object_component_ref idref="oc-221"/>
      </symbol>
      <symbol id="sm-5eb">
         <name>PRCMSlowClkCtrFastGet</name>
         <value>0x20010ac9</value>
         <object_component_ref idref="oc-2b0"/>
      </symbol>
      <symbol id="sm-5ec">
         <name>PRCMSysResetCauseGet</name>
         <value>0x2000eee9</value>
         <object_component_ref idref="oc-100"/>
      </symbol>
      <symbol id="sm-60a">
         <name>SysTickEnable</name>
         <value>0x200116ef</value>
         <object_component_ref idref="oc-21f"/>
      </symbol>
      <symbol id="sm-60b">
         <name>SysTickIntDisable</name>
         <value>0x20011701</value>
         <object_component_ref idref="oc-216"/>
      </symbol>
      <symbol id="sm-60c">
         <name>SysTickIntEnable</name>
         <value>0x20011713</value>
         <object_component_ref idref="oc-220"/>
      </symbol>
      <symbol id="sm-60d">
         <name>SysTickPeriodSet</name>
         <value>0x200114c1</value>
         <object_component_ref idref="oc-21e"/>
      </symbol>
      <symbol id="sm-64c">
         <name>TimerControlStall</name>
         <value>0x200103f7</value>
         <object_component_ref idref="oc-23a"/>
      </symbol>
      <symbol id="sm-64d">
         <name>TimerDisable</name>
         <value>0x200111b9</value>
         <object_component_ref idref="oc-233"/>
      </symbol>
      <symbol id="sm-64e">
         <name>TimerEnable</name>
         <value>0x200113d7</value>
         <object_component_ref idref="oc-240"/>
      </symbol>
      <symbol id="sm-64f">
         <name>TimerIntClear</name>
         <value>0x200117ed</value>
         <object_component_ref idref="oc-23d"/>
      </symbol>
      <symbol id="sm-650">
         <name>TimerIntDisable</name>
         <value>0x200114d7</value>
         <object_component_ref idref="oc-32a"/>
      </symbol>
      <symbol id="sm-651">
         <name>TimerIntEnable</name>
         <value>0x200115e5</value>
         <object_component_ref idref="oc-23e"/>
      </symbol>
      <symbol id="sm-652">
         <name>TimerLoadSet</name>
         <value>0x20010af9</value>
         <object_component_ref idref="oc-239"/>
      </symbol>
      <symbol id="sm-653">
         <name>TimerPrescaleSet</name>
         <value>0x20010b29</value>
         <object_component_ref idref="oc-238"/>
      </symbol>
      <symbol id="sm-6bd">
         <name>UARTBusy</name>
         <value>0x2001181d</value>
         <object_component_ref idref="oc-370"/>
      </symbol>
      <symbol id="sm-6be">
         <name>UARTCharPutNonBlocking</name>
         <value>0x2001082d</value>
         <object_component_ref idref="oc-36f"/>
      </symbol>
      <symbol id="sm-6bf">
         <name>UARTCharsAvail</name>
         <value>0x200114ed</value>
         <object_component_ref idref="oc-277"/>
      </symbol>
      <symbol id="sm-6c0">
         <name>UARTConfigSetExpClk</name>
         <value>0x2000f269</value>
         <object_component_ref idref="oc-251"/>
      </symbol>
      <symbol id="sm-6c1">
         <name>UARTDMADisable</name>
         <value>0x20011503</value>
         <object_component_ref idref="oc-268"/>
      </symbol>
      <symbol id="sm-6c2">
         <name>UARTDMAEnable</name>
         <value>0x200115f9</value>
         <object_component_ref idref="oc-2e8"/>
      </symbol>
      <symbol id="sm-6c3">
         <name>UARTDisable</name>
         <value>0x20010c43</value>
         <object_component_ref idref="oc-26a"/>
      </symbol>
      <symbol id="sm-6c4">
         <name>UARTEnable</name>
         <value>0x20011215</value>
         <object_component_ref idref="oc-257"/>
      </symbol>
      <symbol id="sm-6c5">
         <name>UARTFIFOLevelSet</name>
         <value>0x20011519</value>
         <object_component_ref idref="oc-259"/>
      </symbol>
      <symbol id="sm-6c6">
         <name>UARTFlowControlSet</name>
         <value>0x200113f1</value>
         <object_component_ref idref="oc-25a"/>
      </symbol>
      <symbol id="sm-6c7">
         <name>UARTIntClear</name>
         <value>0x2001182d</value>
         <object_component_ref idref="oc-256"/>
      </symbol>
      <symbol id="sm-6c8">
         <name>UARTIntDisable</name>
         <value>0x2001152f</value>
         <object_component_ref idref="oc-267"/>
      </symbol>
      <symbol id="sm-6c9">
         <name>UARTIntEnable</name>
         <value>0x2001160d</value>
         <object_component_ref idref="oc-258"/>
      </symbol>
      <symbol id="sm-6ca">
         <name>UARTIntStatus</name>
         <value>0x20010d75</value>
         <object_component_ref idref="oc-272"/>
      </symbol>
      <symbol id="sm-6cb">
         <name>UARTRxErrorGet</name>
         <value>0x2001183d</value>
         <object_component_ref idref="oc-274"/>
      </symbol>
      <symbol id="sm-724">
         <name>uDMAChannelAssign</name>
         <value>0x2000fcfd</value>
         <object_component_ref idref="oc-25b"/>
      </symbol>
      <symbol id="sm-725">
         <name>uDMAChannelAttributeDisable</name>
         <value>0x2000edc7</value>
         <object_component_ref idref="oc-25c"/>
      </symbol>
      <symbol id="sm-726">
         <name>uDMAChannelControlSet</name>
         <value>0x2001053d</value>
         <object_component_ref idref="oc-2e5"/>
      </symbol>
      <symbol id="sm-727">
         <name>uDMAChannelDisable</name>
         <value>0x20011251</value>
         <object_component_ref idref="oc-2df"/>
      </symbol>
      <symbol id="sm-728">
         <name>uDMAChannelEnable</name>
         <value>0x2001126f</value>
         <object_component_ref idref="oc-2e7"/>
      </symbol>
      <symbol id="sm-729">
         <name>uDMAChannelIsEnabled</name>
         <value>0x2001128d</value>
         <object_component_ref idref="oc-275"/>
      </symbol>
      <symbol id="sm-72a">
         <name>uDMAChannelSizeGet</name>
         <value>0x2000fec5</value>
         <object_component_ref idref="oc-2e0"/>
      </symbol>
      <symbol id="sm-72b">
         <name>uDMAChannelTransferSet</name>
         <value>0x2000def7</value>
         <object_component_ref idref="oc-2e6"/>
      </symbol>
      <symbol id="sm-72c">
         <name>uDMAControlBaseSet</name>
         <value>0x20011621</value>
         <object_component_ref idref="oc-24e"/>
      </symbol>
      <symbol id="sm-72d">
         <name>uDMAEnable</name>
         <value>0x200118c5</value>
         <object_component_ref idref="oc-249"/>
      </symbol>
      <symbol id="sm-72e">
         <name>uDMAErrorStatusClear</name>
         <value>0x200118d3</value>
         <object_component_ref idref="oc-36d"/>
      </symbol>
      <symbol id="sm-72f">
         <name>uDMAErrorStatusGet</name>
         <value>0x200119a5</value>
         <object_component_ref idref="oc-36c"/>
      </symbol>
      <symbol id="sm-730">
         <name>uDMAIntClear</name>
         <value>0x20011635</value>
         <object_component_ref idref="oc-2e1"/>
      </symbol>
      <symbol id="sm-73b">
         <name>UtilsDelay</name>
         <value>0x20011a1f</value>
         <object_component_ref idref="oc-101"/>
      </symbol>
      <symbol id="sm-768">
         <name>FlashDisable</name>
         <value>0x2000f891</value>
         <object_component_ref idref="oc-324"/>
      </symbol>
      <symbol id="sm-779">
         <name>snprintf</name>
         <value>0x20010371</value>
         <object_component_ref idref="oc-164"/>
      </symbol>
      <symbol id="sm-799">
         <name>malloc</name>
         <value>0x20011a31</value>
         <object_component_ref idref="oc-1fe"/>
      </symbol>
      <symbol id="sm-79a">
         <name>aligned_alloc</name>
         <value>0x2000dcbd</value>
         <object_component_ref idref="oc-29e"/>
      </symbol>
      <symbol id="sm-79b">
         <name>free</name>
         <value>0x2000e215</value>
         <object_component_ref idref="oc-19d"/>
      </symbol>
      <symbol id="sm-79c">
         <name>_sys_memory</name>
         <value>0x20004040</value>
         <object_component_ref idref="oc-28"/>
      </symbol>
      <symbol id="sm-79d">
         <name>memalign</name>
         <value>0x2000dcbd</value>
         <object_component_ref idref="oc-29e"/>
      </symbol>
      <symbol id="sm-7a7">
         <name>__TI_zero_init</name>
         <value>0x2001187d</value>
         <object_component_ref idref="oc-40"/>
      </symbol>
      <symbol id="sm-7b0">
         <name>__TI_decompress_none</name>
         <value>0x200118ef</value>
         <object_component_ref idref="oc-1c"/>
      </symbol>
      <symbol id="sm-7ba">
         <name>__TI_decompress_lzss</name>
         <value>0x2000f563</value>
         <object_component_ref idref="oc-18"/>
      </symbol>
      <symbol id="sm-7c5">
         <name>_c_int00_noargs</name>
         <value>0x2001104d</value>
         <object_component_ref idref="oc-6c"/>
      </symbol>
      <symbol id="sm-7c6">
         <name>__stack</name>
         <value>0x20003000</value>
         <object_component_ref idref="oc-16"/>
      </symbol>
      <symbol id="sm-7e6">
         <name>__TI_printfi_nofloat</name>
         <value>0x2000c041</value>
         <object_component_ref idref="oc-29c"/>
      </symbol>
      <symbol id="sm-7f3">
         <name>__aeabi_errno_addr</name>
         <value>0x20011a29</value>
         <object_component_ref idref="oc-305"/>
      </symbol>
      <symbol id="sm-7f4">
         <name>__aeabi_errno</name>
         <value>0x20012c8c</value>
         <object_component_ref idref="oc-33f"/>
      </symbol>
      <symbol id="sm-7fe">
         <name>abort</name>
         <value>0x20011a77</value>
         <object_component_ref idref="oc-ae"/>
      </symbol>
      <symbol id="sm-7ff">
         <name>C$$EXIT</name>
         <value>0x20011a76</value>
         <object_component_ref idref="oc-ae"/>
      </symbol>
      <symbol id="sm-808">
         <name>_nop</name>
         <value>0x2000fb63</value>
         <object_component_ref idref="oc-17c"/>
      </symbol>
      <symbol id="sm-809">
         <name>_lock</name>
         <value>0x20012c90</value>
         <object_component_ref idref="oc-f6"/>
      </symbol>
      <symbol id="sm-80a">
         <name>_unlock</name>
         <value>0x20012c94</value>
         <object_component_ref idref="oc-f9"/>
      </symbol>
      <symbol id="sm-817">
         <name>atoi</name>
         <value>0x20010031</value>
         <object_component_ref idref="oc-2fd"/>
      </symbol>
      <symbol id="sm-821">
         <name>memccpy</name>
         <value>0x20011233</value>
         <object_component_ref idref="oc-2f6"/>
      </symbol>
      <symbol id="sm-82c">
         <name>__TI_auto_init_nobinit_nopinit</name>
         <value>0x20010789</value>
         <object_component_ref idref="oc-b5"/>
      </symbol>
      <symbol id="sm-834">
         <name>_system_pre_init</name>
         <value>0x20011a73</value>
         <object_component_ref idref="oc-81"/>
      </symbol>
      <symbol id="sm-83e">
         <name>wcslen</name>
         <value>0x2001186d</value>
         <object_component_ref idref="oc-301"/>
      </symbol>
      <symbol id="sm-844">
         <name>__aeabi_ctype_table_</name>
         <value>0x20012db0</value>
         <object_component_ref idref="oc-338"/>
      </symbol>
      <symbol id="sm-845">
         <name>__aeabi_ctype_table_C</name>
         <value>0x20012db0</value>
         <object_component_ref idref="oc-338"/>
      </symbol>
      <symbol id="sm-85d">
         <name>__aeabi_dmul</name>
         <value>0x2000e119</value>
         <object_component_ref idref="oc-2a4"/>
      </symbol>
      <symbol id="sm-85e">
         <name>__muldf3</name>
         <value>0x2000e119</value>
         <object_component_ref idref="oc-2a4"/>
      </symbol>
      <symbol id="sm-864">
         <name>__aeabi_d2iz</name>
         <value>0x20010079</value>
         <object_component_ref idref="oc-2a8"/>
      </symbol>
      <symbol id="sm-865">
         <name>__fixdfsi</name>
         <value>0x20010079</value>
         <object_component_ref idref="oc-2a8"/>
      </symbol>
      <symbol id="sm-86b">
         <name>__aeabi_i2d</name>
         <value>0x20010c71</value>
         <object_component_ref idref="oc-2a0"/>
      </symbol>
      <symbol id="sm-86c">
         <name>__floatsidf</name>
         <value>0x20010c71</value>
         <object_component_ref idref="oc-2a0"/>
      </symbol>
      <symbol id="sm-872">
         <name>__aeabi_memcpy</name>
         <value>0x20011a7d</value>
         <object_component_ref idref="oc-33"/>
      </symbol>
      <symbol id="sm-873">
         <name>__aeabi_memcpy4</name>
         <value>0x20011a7d</value>
         <object_component_ref idref="oc-33"/>
      </symbol>
      <symbol id="sm-874">
         <name>__aeabi_memcpy8</name>
         <value>0x20011a7d</value>
         <object_component_ref idref="oc-33"/>
      </symbol>
      <symbol id="sm-87a">
         <name>__aeabi_memset</name>
         <value>0x20011649</value>
         <object_component_ref idref="oc-5e"/>
      </symbol>
      <symbol id="sm-87b">
         <name>__aeabi_memset4</name>
         <value>0x20011649</value>
         <object_component_ref idref="oc-5e"/>
      </symbol>
      <symbol id="sm-87c">
         <name>__aeabi_memset8</name>
         <value>0x20011649</value>
         <object_component_ref idref="oc-5e"/>
      </symbol>
      <symbol id="sm-87d">
         <name>__aeabi_memclr</name>
         <value>0x20011655</value>
         <object_component_ref idref="oc-5e"/>
      </symbol>
      <symbol id="sm-87e">
         <name>__aeabi_memclr4</name>
         <value>0x20011655</value>
         <object_component_ref idref="oc-5e"/>
      </symbol>
      <symbol id="sm-87f">
         <name>__aeabi_memclr8</name>
         <value>0x20011655</value>
         <object_component_ref idref="oc-5e"/>
      </symbol>
      <symbol id="sm-885">
         <name>__aeabi_uldivmod</name>
         <value>0x2001165d</value>
         <object_component_ref idref="oc-212"/>
      </symbol>
      <symbol id="sm-88b">
         <name>__udivmoddi4</name>
         <value>0x2000e8b5</value>
         <object_component_ref idref="oc-2b1"/>
      </symbol>
      <symbol id="sm-896">
         <name>__aeabi_ldiv0</name>
         <value>0x2000fa5b</value>
         <object_component_ref idref="oc-318"/>
      </symbol>
      <symbol id="sm-89f">
         <name>TI_memcpy_small</name>
         <value>0x20011749</value>
         <object_component_ref idref="oc-77"/>
      </symbol>
      <symbol id="sm-8a7">
         <name>TI_memset_small</name>
         <value>0x200118e1</value>
         <object_component_ref idref="oc-94"/>
      </symbol>
      <symbol id="sm-8a8">
         <name>__TI_static_base__</name>
         <value>0x20011a80</value>
      </symbol>
      <symbol id="sm-8ab">
         <name>ITM_flush</name>
         <value>0x0</value>
      </symbol>
      <symbol id="sm-8ac">
         <name>ITM_restore</name>
         <value>0x0</value>
      </symbol>
      <symbol id="sm-8ad">
         <name>__mpu_init</name>
         <value>0x0</value>
      </symbol>
      <symbol id="sm-8ae">
         <name>_system_post_cinit</name>
         <value>0x0</value>
      </symbol>
   </symbol_table>
   <title>Link successful</title>
</link_info>
